19:54:30 backend.1  | started with pid 84238
19:54:30 worker.1   | started with pid 84239
19:54:30 vite.1     | started with pid 84240
19:54:30 whatsapp.1 | started with pid 84241
19:54:30 whatsapp.1 | 🧹 Limpando processos zumbis do WhatsApp...
19:54:31 whatsapp.1 | 📖 Carregando configurações de localhost...
19:54:31 whatsapp.1 | 🚀 Iniciando Bridge Oficial (server.js unificado)...
19:54:31 vite.1     | [33mThe CJS build of Vite's Node API is deprecated. See https://vite.dev/guide/troubleshooting.html#vite-cjs-node-api-deprecated for more details.[39m
19:54:31 whatsapp.1 | 
19:54:31 whatsapp.1 | 🚀 Motor WhatsApp Bridge (Multi-Instância): http://localhost:3002
19:54:31 whatsapp.1 | 📡 Chatwoot webhook base: http://localhost:3000/webhooks/whatsapp_qr/<phone>
19:54:31 whatsapp.1 | 📂 Sessões armazenadas em: /Users/leandrobenuv/Documents/beclinic/lib/whatsapp/sessions
19:54:31 whatsapp.1 | 
19:54:31 whatsapp.1 | 📋 Mapeamento LID carregado: 4540 entradas
19:54:31 whatsapp.1 | ♻️  Re-hidratando 2 sessão(ões): 6, 8
19:54:31 whatsapp.1 | ♻️  Iniciando sessão: inbox 8
19:54:31 whatsapp.1 | 📋 Canal configurado: QR_1772836899316
19:54:31 whatsapp.1 | [8] 📌 Usando versão WhatsApp Web: 2.3000.1033846690
19:54:31 vite.1     | 
19:54:31 vite.1     |   VITE v5.4.21  ready in 237 ms
19:54:31 vite.1     | 
19:54:31 vite.1     |   ➜  Local:   http://localhost:3036/vite-dev/
19:54:31 vite.1     |   ➜  press h + enter to show help
19:54:31 vite.1     | Browserslist: caniuse-lite is outdated. Please run:
19:54:31 vite.1     |   npx update-browserslist-db@latest
19:54:31 vite.1     |   Why you should do it regularly: https://github.com/browserslist/update-db#readme
19:54:32 backend.1  | => Booting Puma
19:54:32 backend.1  | => Rails 7.1.5.2 application starting in development 
19:54:32 backend.1  | => Run `bin/rails server --help` for more startup options
19:54:32 worker.1   | 2026-03-06T22:54:32.478Z pid=84239 tid=1spb INFO: Sidekiq 7.3.1 connecting to Redis with options {size: 10, pool_name: "internal", url: "redis://127.0.0.1:6379", password: nil, reconnect_attempts: 2, timeout: 1}
19:54:32 worker.1   | 2026-03-06T22:54:32.488Z pid=84239 tid=1spb INFO: Cron Jobs - added job with name: internal_check_new_versions_job
19:54:32 worker.1   | 2026-03-06T22:54:32.489Z pid=84239 tid=1spb INFO: Cron Jobs - added job with name: trigger_scheduled_items_job
19:54:32 worker.1   | 2026-03-06T22:54:32.491Z pid=84239 tid=1spb INFO: Cron Jobs - added job with name: trigger_imap_email_inboxes_job
19:54:32 worker.1   | 2026-03-06T22:54:32.491Z pid=84239 tid=1spb INFO: Cron Jobs - added job with name: remove_stale_contact_inboxes_job.rb
19:54:32 worker.1   | 2026-03-06T22:54:32.493Z pid=84239 tid=1spb INFO: Cron Jobs - added job with name: remove_stale_redis_keys_job.rb
19:54:32 worker.1   | 2026-03-06T22:54:32.494Z pid=84239 tid=1spb INFO: Cron Jobs - added job with name: delete_accounts_job
19:54:32 worker.1   | 2026-03-06T22:54:32.495Z pid=84239 tid=1spb INFO: Cron Jobs - added job with name: bulk_auto_assignment_job
19:54:32 worker.1   | 2026-03-06T22:54:32.495Z pid=84239 tid=1spb INFO: Cron Jobs - added job with name: periodic_assignment_job
19:54:32 worker.1   | 2026-03-06T22:54:32.499Z pid=84239 tid=1spb INFO: Cron Jobs - added job with name: remove_old_notification_job
19:54:32 worker.1   | 2026-03-06T22:54:32.500Z pid=84239 tid=1spb INFO: Cron Jobs - added job with name: remove_orphan_conversations_job
19:54:32 worker.1   | 2026-03-06T22:54:32.501Z pid=84239 tid=1spb INFO: Cron Jobs - added job with name: agenda_notification_dispatcher_job
19:54:32 worker.1   | 2026-03-06T22:54:32.558Z pid=84239 tid=1spb WARN: DEPRECATION WARNING: Your `secret_key_base` is configured in `Rails.application.secrets`, which is deprecated in favor of `Rails.application.credentials` and will be removed in Rails 7.2. (called from <top (required)> at /Users/leandrobenuv/Documents/beclinic/config/environment.rb:5)
19:54:32 whatsapp.1 | [8] 🚀 WhatsApp Conectado com Sucesso!
19:54:32 worker.1   | 2026-03-06T22:54:32.622Z pid=84239 tid=1spb INFO: [rake ip_lookup:setup] IP_LOOKUP_API_KEY empty. Skipping geoip database setup
19:54:32 backend.1  | Puma starting in single mode...
19:54:32 backend.1  | * Puma version: 6.4.3 (ruby 3.4.4-p34) ("The Eagle of Durango")
19:54:32 backend.1  | *  Min threads: 5
19:54:32 backend.1  | *  Max threads: 5
19:54:32 backend.1  | *  Environment: development
19:54:32 backend.1  | *          PID: 84238
19:54:32 backend.1  | * Listening on http://127.0.0.1:3000
19:54:32 backend.1  | * Listening on http://[::1]:3000
19:54:32 backend.1  | Use Ctrl-C to stop
19:54:32 worker.1   | 2026-03-06T22:54:32.729Z pid=84239 tid=1spb INFO: Booted Rails 7.1.5.2 application in development environment
19:54:32 worker.1   | 2026-03-06T22:54:32.730Z pid=84239 tid=1spb INFO: Running in ruby 3.4.4 (2025-05-14 revision a38531fd3f) +PRISM [arm64-darwin25]
19:54:32 worker.1   | 2026-03-06T22:54:32.730Z pid=84239 tid=1spb INFO: See LICENSE and the LGPL-3.0 for licensing details.
19:54:32 worker.1   | 2026-03-06T22:54:32.730Z pid=84239 tid=1spb INFO: Upgrade to Sidekiq Pro for more features and support: https://sidekiq.org
19:54:32 worker.1   | 2026-03-06T22:54:32.730Z pid=84239 tid=1spb INFO: Sidekiq 7.3.1 connecting to Redis with options {size: 10, pool_name: "default", url: "redis://127.0.0.1:6379", password: nil, reconnect_attempts: 2, timeout: 1}
19:54:32 worker.1   | 2026-03-06T22:54:32.833Z pid=84239 tid=1spb INFO: Cron Jobs - added job with name: internal_check_new_versions_job
19:54:32 worker.1   | 2026-03-06T22:54:32.834Z pid=84239 tid=1spb INFO: Cron Jobs - added job with name: trigger_scheduled_items_job
19:54:32 worker.1   | 2026-03-06T22:54:32.835Z pid=84239 tid=1spb INFO: Cron Jobs - added job with name: trigger_imap_email_inboxes_job
19:54:32 worker.1   | 2026-03-06T22:54:32.835Z pid=84239 tid=1spb INFO: Cron Jobs - added job with name: remove_stale_contact_inboxes_job.rb
19:54:32 worker.1   | 2026-03-06T22:54:32.836Z pid=84239 tid=1spb INFO: Cron Jobs - added job with name: remove_stale_redis_keys_job.rb
19:54:32 worker.1   | 2026-03-06T22:54:32.836Z pid=84239 tid=1spb INFO: Cron Jobs - added job with name: delete_accounts_job
19:54:32 worker.1   | 2026-03-06T22:54:32.837Z pid=84239 tid=1spb INFO: Cron Jobs - added job with name: bulk_auto_assignment_job
19:54:32 worker.1   | 2026-03-06T22:54:32.838Z pid=84239 tid=1spb INFO: Cron Jobs - added job with name: periodic_assignment_job
19:54:32 worker.1   | 2026-03-06T22:54:32.838Z pid=84239 tid=1spb INFO: Cron Jobs - added job with name: remove_old_notification_job
19:54:32 worker.1   | 2026-03-06T22:54:32.839Z pid=84239 tid=1spb INFO: Cron Jobs - added job with name: remove_orphan_conversations_job
19:54:32 worker.1   | 2026-03-06T22:54:32.839Z pid=84239 tid=1spb INFO: Cron Jobs - added job with name: agenda_notification_dispatcher_job
19:54:32 worker.1   | 2026-03-06T22:54:32.839Z pid=84239 tid=1spb INFO: [SidekiqAlive] Starting sidekiq-alive: {hostname: "HOSTNAME_NOT_SET", port: 7433, ttl: 600, queue: "sidekiq-alive-HOSTNAME_NOT_SET", register_set: "sidekiq-alive-hostnames", liveness_key: "SIDEKIQ::LIVENESS_PROBE_TIMESTAMP::HOSTNAME_NOT_SET", register_key: "SIDEKIQ_REGISTERED_INSTANCE::HOSTNAME_NOT_SET"}
19:54:32 worker.1   | 2026-03-06T22:54:32.839Z pid=84239 tid=1spb INFO: Sidekiq 7.3.1 connecting to Redis with options {size: 2, pool_name: "sidekiq-alive", url: "redis://127.0.0.1:6379", password: nil, reconnect_attempts: 2, timeout: 1}
19:54:32 worker.1   | 2026-03-06T22:54:32.840Z pid=84239 tid=1spb INFO: [SidekiqAlive] Starting default healthcheck server on 0.0.0.0:7433
19:54:32 worker.1   | 2026-03-06T22:54:32.849Z pid=84239 tid=1spb INFO: [SidekiqAlive] Web server started in subprocess with pid 84285
19:54:32 worker.1   | 2026-03-06T22:54:32.849Z pid=84239 tid=1spb INFO: [SidekiqAlive] Successfully started sidekiq-alive, registered with key: SIDEKIQ_REGISTERED_INSTANCE::HOSTNAME_NOT_SET on set sidekiq-alive-hostnames
19:54:32 worker.1   | 2026-03-06T22:54:32.855Z pid=84239 tid=2ii7 class=SidekiqAlive::Worker jid=e9756b6f92214886d5c65d2e INFO: start
19:54:32 worker.1   | 2026-03-06T22:54:32.872Z pid=84239 tid=2ii7 class=SidekiqAlive::Worker jid=e9756b6f92214886d5c65d2e elapsed=0.016 INFO: done
20:08:31 vite.1     | terminated by SIGKILL
20:08:31 system     | sending SIGTERM to all processes
20:08:31 whatsapp.1 | terminated by SIGHUP
220:08:31 system     | SIGHUP received, starting shutdown20:08:31 system     | SIGTERM received, starting shutdown
220:08:31 worker.1   | 2026-03-06T22:54:35.904Z pid=84239 tid=1spb WARN: Thread TID-1spb 220:08:31 worker.1   | 2026-03-06T22:54:35.905Z pid=84239 tid=1spb WARN: /Users/leandrobenuv/.asdf/installs/ruby/3.4.4/lib/ruby/gems/3.4.0/gems/sidekiq-7.3.1/lib/sidekiq/cli.rb:206:in 'Thread#backtrace'220:08:31 worker.1   | /Users/leandrobenuv/.asdf/installs/ruby/3.4.4/lib/ruby/gems/3.4.0/gems/sidekiq-7.3.1/lib/sidekiq/cli.rb:206:in 'block (2 levels) in <class:CLI>'220:08:31 worker.1   | /Users/leandrobenuv/.asdf/installs/ruby/3.4.4/lib/ruby/gems/3.4.0/gems/sidekiq-7.3.1/lib/sidekiq/cli.rb:203:in 'Array#each'220:08:31 worker.1   | /Users/leandrobenuv/.asdf/installs/ruby/3.4.4/lib/ruby/gems/3.4.0/gems/sidekiq-7.3.1/lib/sidekiq/cli.rb:203:in 'block in <class:CLI>'220:08:31 worker.1   | /Users/leandrobenuv/.asdf/installs/ruby/3.4.4/lib/ruby/gems/3.4.0/gems/sidekiq-7.3.1/lib/sidekiq/cli.rb:218:in 'Sidekiq::CLI#handle_signal'220:08:31 worker.1   | /Users/leandrobenuv/.asdf/installs/ruby/3.4.4/lib/ruby/gems/3.4.0/gems/sidekiq-7.3.1/lib/sidekiq/cli.rb:128:in 'Sidekiq::CLI#launch'220:08:31 worker.1   | /Users/leandrobenuv/.asdf/installs/ruby/3.4.4/lib/ruby/gems/3.4.0/gems/sidekiq-7.3.1/lib/sidekiq/cli.rb:113:in 'Sidekiq::CLI#run'220:08:31 worker.1   | /Users/leandrobenuv/.asdf/installs/ruby/3.4.4/lib/ruby/gems/3.4.0/gems/sidekiq-7.3.1/bin/sidekiq:31:in '<top (required)>'220:08:31 worker.1   | /Users/leandrobenuv/.asdf/installs/ruby/3.4.4/bin/sidekiq:25:in 'Kernel#load'220:08:31 worker.1   | /Users/leandrobenuv/.asdf/installs/ruby/3.4.4/bin/sidekiq:25:in '<top (required)>'220:08:31 worker.1   | /Users/leandrobenuv/.asdf/installs/ruby/3.4.4/lib/ruby/gems/3.4.0/gems/bundler-2.5.16/lib/bundler/cli/exec.rb:58:in 'Kernel.load'220:08:31 worker.1   | /Users/leandrobenuv/.asdf/installs/ruby/3.4.4/lib/ruby/gems/3.4.0/gems/bundler-2.5.16/lib/bundler/cli/exec.rb:58:in 'Bundler::CLI::Exec#kernel_load'220:08:31 worker.1   | /Users/leandrobenuv/.asdf/installs/ruby/3.4.4/lib/ruby/gems/3.4.0/gems/bundler-2.5.16/lib/bundler/cli/exec.rb:23:in 'Bundler::CLI::Exec#run'220:08:31 worker.1   | /Users/leandrobenuv/.asdf/installs/ruby/3.4.4/lib/ruby/gems/3.4.0/gems/bundler-2.5.16/lib/bundler/cli.rb:455:in 'Bundler::CLI#exec'220:08:31 worker.1   | /Users/leandrobenuv/.asdf/installs/ruby/3.4.4/lib/ruby/gems/3.4.0/gems/bundler-2.5.16/lib/bundler/vendor/thor/lib/thor/command.rb:28:in 'Bundler::Thor::Command#run'220:08:31 worker.1   | /Users/leandrobenuv/.asdf/installs/ruby/3.4.4/lib/ruby/gems/3.4.0/gems/bundler-2.5.16/lib/bundler/vendor/thor/lib/thor/invocation.rb:127:in 'Bundler::Thor::Invocation#invoke_command'220:08:31 worker.1   | /Users/leandrobenuv/.asdf/installs/ruby/3.4.4/lib/ruby/gems/3.4.0/gems/bundler-2.5.16/lib/bundler/vendor/thor/lib/thor.rb:527:in 'Bundler::Thor.dispatch'220:08:31 worker.1   | /Users/leandrobenuv/.asdf/installs/ruby/3.4.4/lib/ruby/gems/3.4.0/gems/bundler-2.5.16/lib/bundler/cli.rb:35:in 'Bundler::CLI.dispatch'220:08:31 worker.1   | /Users/leandrobenuv/.asdf/installs/ruby/3.4.4/lib/ruby/gems/3.4.0/gems/bundler-2.5.16/lib/bundler/vendor/thor/lib/thor/base.rb:584:in 'Bundler::Thor::Base::ClassMethods#start'220:08:31 worker.1   | /Users/leandrobenuv/.asdf/installs/ruby/3.4.4/lib/ruby/gems/3.4.0/gems/bundler-2.5.16/lib/bundler/cli.rb:29:in 'Bundler::CLI.start'220:08:31 worker.1   | /Users/leandrobenuv/.asdf/installs/ruby/3.4.4/lib/ruby/gems/3.4.0/gems/bundler-2.5.16/exe/bundle:28:in 'block in <top (required)>'220:08:31 worker.1   | /Users/leandrobenuv/.asdf/installs/ruby/3.4.4/lib/ruby/gems/3.4.0/gems/bundler-2.5.16/lib/bundler/friendly_errors.rb:117:in 'Bundler.with_friendly_errors'220:08:31 worker.1   | /Users/leandrobenuv/.asdf/installs/ruby/3.4.4/lib/ruby/gems/3.4.0/gems/bundler-2.5.16/exe/bundle:20:in '<top (required)>'220:08:31 worker.1   | /Users/leandrobenuv/.asdf/installs/ruby/3.4.4/bin/bundle:25:in 'Kernel#load'220:08:31 worker.1   | /Users/leandrobenuv/.asdf/installs/ruby/3.4.4/bin/bundle:25:in '<main>'220:08:31 worker.1   | 2026-03-06T22:54:35.905Z pid=84239 tid=1spb WARN: Thread TID-1mkn DEBUGGER__::SESSION@server220:08:31 worker.1   | 2026-03-06T22:54:35.905Z pid=84239 tid=1spb WARN: <internal:thread_sync>:18:in 'Thread::Queue#pop'220:08:31 worker.1   | /Users/leandrobenuv/.asdf/installs/ruby/3.4.4/lib/ruby/gems/3.4.0/gems/debug-1.8.0/lib/debug/session.rb:244:in 'DEBUGGER__::Session#pop_event'
20:08:31 worker.1   | /Users/leandrobenuv/.asdf/installs/ruby/3.4.4/lib/ruby/gems/3.4.0/gems/debug-1.8.0/lib/debug/session.rb:248:in 'DEBUGGER__::Session#session_server_main'
20:08:31 worker.1   | /Users/leandrobenuv/.asdf/installs/ruby/3.4.4/lib/ruby/gems/3.4.0/gems/debug-1.8.0/lib/debug/session.rb:207:in 'block in DEBUGGER__::Session#activate'
20:08:31 worker.1   | 2026-03-06T22:54:35.905Z pid=84239 tid=1spb WARN: Thread TID-1qnj 
20:08:31 worker.1   | 2026-03-06T22:54:35.905Z pid=84239 tid=1spb WARN: /Users/leandrobenuv/.asdf/installs/ruby/3.4.4/lib/ruby/gems/3.4.0/gems/activerecord-7.1.5.2/lib/active_record/connection_adapters/abstract/connection_pool/reaper.rb:48:in 'Kernel#sleep'
20:08:31 worker.1   | /Users/leandrobenuv/.asdf/installs/ruby/3.4.4/lib/ruby/gems/3.4.0/gems/activerecord-7.1.5.2/lib/active_record/connection_adapters/abstract/connection_pool/reaper.rb:48:in 'block in ActiveRecord::ConnectionAdapters::ConnectionPool::Reaper.spawn_thread'
20:08:31 worker.1   | 2026-03-06T22:54:35.905Z pid=84239 tid=1spb WARN: Thread TID-1qh3 
20:08:31 worker.1   | 2026-03-06T22:54:35.906Z pid=84239 tid=1spb WARN: /Users/leandrobenuv/.asdf/installs/ruby/3.4.4/lib/ruby/gems/3.4.0/gems/barnes-0.0.9/lib/barnes/periodic.rb:48:in 'Kernel#sleep'
20:08:31 worker.1   | /Users/leandrobenuv/.asdf/installs/ruby/3.4.4/lib/ruby/gems/3.4.0/gems/barnes-0.0.9/lib/barnes/periodic.rb:48:in 'block (2 levels) in Barnes::Periodic#initialize'
20:08:31 worker.1   | <internal:kernel>:168:in 'Kernel#loop'
20:08:31 worker.1   | /Users/leandrobenuv/.asdf/installs/ruby/3.4.4/lib/ruby/gems/3.4.0/gems/barnes-0.0.9/lib/barnes/periodic.rb:46:in 'block in Barnes::Periodic#initialize'
20:08:31 worker.1   | 2026-03-06T22:54:35.906Z pid=84239 tid=1spb WARN: Thread TID-1pgv 
20:08:31 worker.1   | 2026-03-06T22:54:35.906Z pid=84239 tid=1spb WARN: /Users/leandrobenuv/.asdf/installs/ruby/3.4.4/lib/ruby/gems/3.4.0/gems/rack-mini-profiler-3.2.0/lib/mini_profiler/storage/file_store.rb:85:in 'Kernel#sleep'
20:08:31 worker.1   | /Users/leandrobenuv/.asdf/installs/ruby/3.4.4/lib/ruby/gems/3.4.0/gems/rack-mini-profiler-3.2.0/lib/mini_profiler/storage/file_store.rb:85:in 'block in Rack::MiniProfiler::FileStore#initialize'
20:08:31 worker.1   | 2026-03-06T22:54:35.906Z pid=84239 tid=1spb WARN: Thread TID-1p9z listen-wait_thread220:08:31 worker.1   | 2026-03-06T22:54:35.907Z pid=84239 tid=1spb WARN: <internal:thread_sync>:18:in 'Thread::Queue#pop'
20:08:31 worker.1   | /Users/leandrobenuv/.asdf/installs/ruby/3.4.4/lib/ruby/3.4.0/forwardable.rb:240:in 'Listen::Event::Queue#pop'
20:08:31 worker.1   | /Users/leandrobenuv/.asdf/installs/ruby/3.4.4/lib/ruby/gems/3.4.0/gems/listen-3.8.0/lib/listen/event/processor.rb:89:in 'Listen::Event::Processor#_wait_until_events'
20:08:31 worker.1   | /Users/leandrobenuv/.asdf/installs/ruby/3.4.4/lib/ruby/gems/3.4.0/gems/listen-3.8.0/lib/listen/event/processor.rb:21:in 'block in Listen::Event::Processor#loop_for'
20:08:31 worker.1   | <internal:kernel>:168:in 'Kernel#loop'
20:08:31 worker.1   | /Users/leandrobenuv/.asdf/installs/ruby/3.4.4/lib/ruby/gems/3.4.0/gems/listen-3.8.0/lib/listen/event/processor.rb:20:in 'Listen::Event::Processor#loop_for'220:08:31 worker.1   | /Users/leandrobenuv/.asdf/installs/ruby/3.4.4/lib/ruby/gems/3.4.0/gems/listen-3.8.0/lib/listen/event/loop.rb:85:in 'Listen::Event::Loop#_process_changes'220:08:31 worker.1   | /Users/leandrobenuv/.asdf/installs/ruby/3.4.4/lib/ruby/gems/3.4.0/gems/listen-3.8.0/lib/listen/event/loop.rb:51:in 'block in Listen::Event::Loop#start'20:08:31 worker.1   | /Users/leandrobenuv/.asdf/installs/ruby/3.4.4/lib/ruby/gems/3.4.0/gems/listen-3.8.0/lib/listen/thread.rb:26:in 'Listen::Thread.rescue_and_log'
20:08:31 worker.1   | /Users/leandrobenuv/.asdf/installs/ruby/3.4.4/lib/ruby/gems/3.4.0/gems/listen-3.8.0/lib/listen/thread.rb:18:in 'block in Listen::Thread.new'
20:08:31 worker.1   | 2026-03-06T22:50:08.503Z pid=82204 tid=1uak WARN: Thread TID-1qvw listen-worker_thread
220:08:31 worker.1   | 2026-03-06T22:54:35.907Z pid=84239 tid=1spb WARN: /Users/leandrobenuv/.asdf/installs/ruby/3.4.4/lib/ruby/gems/3.4.0/gems/rb-fsevent-0.11.2/lib/rb-fsevent/fsevent.rb:44:in 'IO.select'220:08:31 worker.1   | /Users/leandrobenuv/.asdf/installs/ruby/3.4.4/lib/ruby/gems/3.4.0/gems/rb-fsevent-0.11.2/lib/rb-fsevent/fsevent.rb:44:in 'FSEvent#run'220:08:31 worker.1   | /Users/leandrobenuv/.asdf/installs/ruby/3.4.4/lib/ruby/gems/3.4.0/gems/listen-3.8.0/lib/listen/adapter/darwin.rb:49:in 'block in Listen::Adapter::Darwin#_run'220:08:31 worker.1   | /Users/leandrobenuv/.asdf/installs/ruby/3.4.4/lib/ruby/gems/3.4.0/gems/listen-3.8.0/lib/listen/thread.rb:26:in 'Listen::Thread.rescue_and_log'220:08:31 worker.1   | /Users/leandrobenuv/.asdf/installs/ruby/3.4.4/lib/ruby/gems/3.4.0/gems/listen-3.8.0/lib/listen/thread.rb:18:in 'block in Listen::Thread.new'
20:08:31 worker.1   | 2026-03-06T22:54:35.907Z pid=84239 tid=1spb WARN: Thread TID-2ifb listen-wait_thread
20:08:31 worker.1   | 2026-03-06T22:54:35.907Z pid=84239 tid=1spb WARN: <internal:thread_sync>:18:in 'Thread::Queue#pop'
20:08:31 worker.1   | /Users/leandrobenuv/.asdf/installs/ruby/3.4.4/lib/ruby/3.4.0/forwardable.rb:240:in 'Listen::Event::Queue#pop'
20:08:31 worker.1   | /Users/leandrobenuv/.asdf/installs/ruby/3.4.4/lib/ruby/gems/3.4.0/gems/listen-3.8.0/lib/listen/event/processor.rb:89:in 'Listen::Event::Processor#_wait_until_events'
20:08:31 worker.1   | /Users/leandrobenuv/.asdf/installs/ruby/3.4.4/lib/ruby/gems/3.4.0/gems/listen-3.8.0/lib/listen/event/processor.rb:21:in 'block in Listen::Event::Processor#loop_for'
20:08:31 worker.1   | <internal:kernel>:168:in 'Kernel#loop'
20:08:31 worker.1   | /Users/leandrobenuv/.asdf/installs/ruby/3.4.4/lib/ruby/gems/3.4.0/gems/listen-3.8.0/lib/listen/event/processor.rb:20:in 'Listen::Event::Processor#loop_for'
20:08:31 worker.1   | /Users/leandrobenuv/.asdf/installs/ruby/3.4.4/lib/ruby/gems/3.4.0/gems/listen-3.8.0/lib/listen/event/loop.rb:85:in 'Listen::Event::Loop#_process_changes'
20:08:31 worker.1   | /Users/leandrobenuv/.asdf/installs/ruby/3.4.4/lib/ruby/gems/3.4.0/gems/listen-3.8.0/lib/listen/event/loop.rb:51:in 'block in Listen::Event::Loop#start'220:08:31 worker.1   | /Users/leandrobenuv/.asdf/installs/ruby/3.4.4/lib/ruby/gems/3.4.0/gems/listen-3.8.0/lib/listen/thread.rb:26:in 'Listen::Thread.rescue_and_log'
20:08:31 worker.1   | /Users/leandrobenuv/.asdf/installs/ruby/3.4.4/lib/ruby/gems/3.4.0/gems/listen-3.8.0/lib/listen/thread.rb:18:in 'block in Listen::Thread.new'
20:08:31 worker.1   | 2026-03-06T22:54:35.907Z pid=84239 tid=1spb WARN: Thread TID-2i4f listen-worker_thread
20:08:31 worker.1   | 2026-03-06T22:54:35.907Z pid=84239 tid=1spb WARN: /Users/leandrobenuv/.asdf/installs/ruby/3.4.4/lib/ruby/gems/3.4.0/gems/rb-fsevent-0.11.2/lib/rb-fsevent/fsevent.rb:44:in 'IO.select'
20:08:31 worker.1   | /Users/leandrobenuv/.asdf/installs/ruby/3.4.4/lib/ruby/gems/3.4.0/gems/rb-fsevent-0.11.2/lib/rb-fsevent/fsevent.rb:44:in 'FSEvent#run'
20:08:31 worker.1   | /Users/leandrobenuv/.asdf/installs/ruby/3.4.4/lib/ruby/gems/3.4.0/gems/listen-3.8.0/lib/listen/adapter/darwin.rb:49:in 'block in Listen::Adapter::Darwin#_run'
20:08:31 worker.1   | /Users/leandrobenuv/.asdf/installs/ruby/3.4.4/lib/ruby/gems/3.4.0/gems/listen-3.8.0/lib/listen/thread.rb:26:in 'Listen::Thread.rescue_and_log'
20:08:31 worker.1   | /Users/leandrobenuv/.asdf/installs/ruby/3.4.4/lib/ruby/gems/3.4.0/gems/listen-3.8.0/lib/listen/thread.rb:18:in 'block in Listen::Thread.new'
20:08:31 worker.1   | 2026-03-06T22:54:35.907Z pid=84239 tid=1spb WARN: Thread TID-2iq7 listen-wait_thread
20:08:31 worker.1   | 2026-03-06T22:54:35.908Z pid=84239 tid=1spb WARN: <internal:thread_sync>:18:in 'Thread::Queue#pop'
20:08:31 worker.1   | /Users/leandrobenuv/.asdf/installs/ruby/3.4.4/lib/ruby/3.4.0/forwardable.rb:240:in 'Listen::Event::Queue#pop'
20:08:31 worker.1   | /Users/leandrobenuv/.asdf/installs/ruby/3.4.4/lib/ruby/gems/3.4.0/gems/listen-3.8.0/lib/listen/event/processor.rb:89:in 'Listen::Event::Processor#_wait_until_events'
20:08:31 worker.1   | /Users/leandrobenuv/.asdf/installs/ruby/3.4.4/lib/ruby/gems/3.4.0/gems/listen-3.8.0/lib/listen/event/processor.rb:21:in 'block in Listen::Event::Processor#loop_for'
20:08:31 worker.1   | <internal:kernel>:168:in 'Kernel#loop'
20:08:31 worker.1   | /Users/leandrobenuv/.asdf/installs/ruby/3.4.4/lib/ruby/gems/3.4.0/gems/listen-3.8.0/lib/listen/event/processor.rb:20:in 'Listen::Event::Processor#loop_for'
20:08:31 worker.1   | /Users/leandrobenuv/.asdf/installs/ruby/3.4.4/lib/ruby/gems/3.4.0/gems/listen-3.8.0/lib/listen/event/loop.rb:85:in 'Listen::Event::Loop#_process_changes'
20:08:31 worker.1   | /Users/leandrobenuv/.asdf/installs/ruby/3.4.4/lib/ruby/gems/3.4.0/gems/listen-3.8.0/lib/listen/event/loop.rb:51:in 'block in Listen::Event::Loop#start'
20:08:31 worker.1   | /Users/leandrobenuv/.asdf/installs/ruby/3.4.4/lib/ruby/gems/3.4.0/gems/listen-3.8.0/lib/listen/thread.rb:26:in 'Listen::Thread.rescue_and_log'
20:08:31 worker.1   | /Users/leandrobenuv/.asdf/installs/ruby/3.4.4/lib/ruby/gems/3.4.0/gems/listen-3.8.0/lib/listen/thread.rb:18:in 'block in Listen::Thread.new'
20:08:31 worker.1   | 2026-03-06T22:54:35.908Z pid=84239 tid=1spb WARN: Thread TID-2itr sidekiq.heartbeat
20:08:31 worker.1   | 2026-03-06T22:54:35.908Z pid=84239 tid=1spb WARN: /Users/leandrobenuv/.asdf/installs/ruby/3.4.4/lib/ruby/gems/3.4.0/gems/sidekiq-7.3.1/lib/sidekiq/launcher.rb:91:in 'Kernel#sleep'
20:08:31 worker.1   | /Users/leandrobenuv/.asdf/installs/ruby/3.4.4/lib/ruby/gems/3.4.0/gems/sidekiq-7.3.1/lib/sidekiq/launcher.rb:91:in 'block in Sidekiq::Launcher#start_heartbeat'
20:08:31 worker.1   | <internal:kernel>:168:in 'Kernel#loop'
20:08:31 worker.1   | /Users/leandrobenuv/.asdf/installs/ruby/3.4.4/lib/ruby/gems/3.4.0/gems/sidekiq-7.3.1/lib/sidekiq/launcher.rb:89:in 'Sidekiq::Launcher#start_heartbeat'
20:08:31 worker.1   | /Users/leandrobenuv/.asdf/installs/ruby/3.4.4/lib/ruby/gems/3.4.0/gems/sidekiq-7.3.1/lib/sidekiq/component.rb:10:in 'Sidekiq::Component#watchdog'
20:08:31 worker.1   | /Users/leandrobenuv/.asdf/installs/ruby/3.4.4/lib/ruby/gems/3.4.0/gems/sidekiq-7.3.1/lib/sidekiq/component.rb:19:in 'block in Sidekiq::Component#safe_thread'
20:08:31 worker.1   | 2026-03-06T22:54:35.908Z pid=84239 tid=1spb WARN: Thread TID-2itj sidekiq.scheduler
20:08:31 worker.1   | 2026-03-06T22:54:35.908Z pid=84239 tid=1spb WARN: /Users/leandrobenuv/.asdf/installs/ruby/3.4.4/lib/ruby/gems/3.4.0/gems/connection_pool-2.5.5/lib/connection_pool/timed_stack.rb:87:in 'Thread::Mutex#sleep'
20:08:31 worker.1   | /Users/leandrobenuv/.asdf/installs/ruby/3.4.4/lib/ruby/gems/3.4.0/gems/connection_pool-2.5.5/lib/connection_pool/timed_stack.rb:87:in 'Thread::ConditionVariable#wait'
20:08:31 worker.1   | /Users/leandrobenuv/.asdf/installs/ruby/3.4.4/lib/ruby/gems/3.4.0/gems/connection_pool-2.5.5/lib/connection_pool/timed_stack.rb:87:in 'block (2 levels) in ConnectionPool::TimedStack#pop'
20:08:31 worker.1   | <internal:kernel>:168:in 'Kernel#loop'
20:08:31 worker.1   | /Users/leandrobenuv/.asdf/installs/ruby/3.4.4/lib/ruby/gems/3.4.0/gems/connection_pool-2.5.5/lib/connection_pool/timed_stack.rb:69:in 'block in ConnectionPool::TimedStack#pop'
20:08:31 worker.1   | /Users/leandrobenuv/.asdf/installs/ruby/3.4.4/lib/ruby/gems/3.4.0/gems/connection_pool-2.5.5/lib/connection_pool/timed_stack.rb:68:in 'Thread::Mutex#synchronize'
20:08:31 worker.1   | /Users/leandrobenuv/.asdf/installs/ruby/3.4.4/lib/ruby/gems/3.4.0/gems/connection_pool-2.5.5/lib/connection_pool/timed_stack.rb:68:in 'ConnectionPool::TimedStack#pop'
20:08:31 worker.1   | /Users/leandrobenuv/.asdf/installs/ruby/3.4.4/lib/ruby/gems/3.4.0/gems/sidekiq-7.3.1/lib/sidekiq/scheduled.rb:226:in 'Sidekiq::Scheduled::Poller#initial_wait'
20:08:31 worker.1   | /Users/leandrobenuv/.asdf/installs/ruby/3.4.4/lib/ruby/gems/3.4.0/gems/sidekiq-7.3.1/lib/sidekiq/scheduled.rb:96:in 'block in Sidekiq::Scheduled::Poller#start'
20:08:31 worker.1   | /Users/leandrobenuv/.asdf/installs/ruby/3.4.4/lib/ruby/gems/3.4.0/gems/sidekiq-7.3.1/lib/sidekiq/component.rb:10:in 'Sidekiq::Component#watchdog'
20:08:31 worker.1   | /Users/leandrobenuv/.asdf/installs/ruby/3.4.4/lib/ruby/gems/3.4.0/gems/sidekiq-7.3.1/lib/sidekiq/component.rb:19:in 'block in Sidekiq::Component#safe_thread'
20:08:31 worker.1   | 2026-03-06T22:54:35.908Z pid=84239 tid=1spb WARN: Thread TID-2iu7 sidekiq.default/processor
20:08:31 worker.1   | 2026-03-06T22:54:35.909Z pid=84239 tid=1spb WARN: /Users/leandrobenuv/.asdf/installs/ruby/3.4.4/lib/ruby/gems/3.4.0/gems/redis-client-0.22.2/lib/redis_client/ruby_connection/buffered_io.rb:213:in 'IO#wait_readable'
20:08:31 worker.1   | /Users/leandrobenuv/.asdf/installs/ruby/3.4.4/lib/ruby/gems/3.4.0/gems/redis-client-0.22.2/lib/redis_client/ruby_connection/buffered_io.rb:213:in 'block in RedisClient::RubyConnection::BufferedIO#fill_buffer'
20:08:31 worker.1   | <internal:kernel>:168:in 'Kernel#loop'
20:08:31 worker.1   | /Users/leandrobenuv/.asdf/installs/ruby/3.4.4/lib/ruby/gems/3.4.0/gems/redis-client-0.22.2/lib/redis_client/ruby_connection/buffered_io.rb:197:in 'RedisClient::RubyConnection::BufferedIO#fill_buffer'
20:08:31 worker.1   | /Users/leandrobenuv/.asdf/installs/ruby/3.4.4/lib/ruby/gems/3.4.0/gems/redis-client-0.22.2/lib/redis_client/ruby_connection/buffered_io.rb:187:in 'RedisClient::RubyConnection::BufferedIO#ensure_remaining'
20:08:31 worker.1   | /Users/leandrobenuv/.asdf/installs/ruby/3.4.4/lib/ruby/gems/3.4.0/gems/redis-client-0.22.2/lib/redis_client/ruby_connection/buffered_io.rb:152:in 'RedisClient::RubyConnection::BufferedIO#getbyte'
20:08:31 worker.1   | /Users/leandrobenuv/.asdf/installs/ruby/3.4.4/lib/ruby/gems/3.4.0/gems/redis-client-0.22.2/lib/redis_client/ruby_connection/resp3.rb:113:in 'RedisClient::RESP3.parse'
20:08:31 worker.1   | /Users/leandrobenuv/.asdf/installs/ruby/3.4.4/lib/ruby/gems/3.4.0/gems/redis-client-0.22.2/lib/redis_client/ruby_connection/resp3.rb:50:in 'RedisClient::RESP3.load'
20:08:31 worker.1   | /Users/leandrobenuv/.asdf/installs/ruby/3.4.4/lib/ruby/gems/3.4.0/gems/redis-client-0.22.2/lib/redis_client/ruby_connection.rb:98:in 'block in RedisClient::RubyConnection#read'
20:08:31 worker.1   | /Users/leandrobenuv/.asdf/installs/ruby/3.4.4/lib/ruby/gems/3.4.0/gems/redis-client-0.22.2/lib/redis_client/ruby_connection/buffered_io.rb:114:in 'RedisClient::RubyConnection::BufferedIO#with_timeout'
20:08:31 worker.1   | /Users/leandrobenuv/.asdf/installs/ruby/3.4.4/lib/ruby/gems/3.4.0/gems/redis-client-0.22.2/lib/redis_client/ruby_connection.rb:98:in 'RedisClient::RubyConnection#read'
20:08:31 worker.1   | /Users/leandrobenuv/.asdf/installs/ruby/3.4.4/lib/ruby/gems/3.4.0/gems/redis-client-0.22.2/lib/redis_client/connection_mixin.rb:31:in 'RedisClient::ConnectionMixin#call'
20:08:31 worker.1   | /Users/leandrobenuv/.asdf/installs/ruby/3.4.4/lib/ruby/gems/3.4.0/gems/redis-client-0.22.2/lib/redis_client.rb:340:in 'block (2 levels) in RedisClient#blocking_call'
20:08:31 worker.1   | /Users/leandrobenuv/.asdf/installs/ruby/3.4.4/lib/ruby/gems/3.4.0/gems/redis-client-0.22.2/lib/redis_client/middlewares.rb:16:in 'RedisClient::BasicMiddleware#call'
20:08:31 worker.1   | /Users/leandrobenuv/.asdf/installs/ruby/3.4.4/lib/ruby/gems/3.4.0/gems/redis-client-0.22.2/lib/redis_client.rb:339:in 'block in RedisClient#blocking_call'
20:08:31 worker.1   | /Users/leandrobenuv/.asdf/installs/ruby/3.4.4/lib/ruby/gems/3.4.0/gems/redis-client-0.22.2/lib/redis_client.rb:699:in 'RedisClient#ensure_connected'
20:08:31 worker.1   | /Users/leandrobenuv/.asdf/installs/ruby/3.4.4/lib/ruby/gems/3.4.0/gems/redis-client-0.22.2/lib/redis_client.rb:338:in 'RedisClient#blocking_call'220:08:31 worker.1   | /Users/leandrobenuv/.asdf/installs/ruby/3.4.4/lib/ruby/gems/3.4.0/gems/redis-client-0.22.2/lib/redis_client/decorator.rb:26:in 'RedisClient::Decorator::CommandsMixin#blocking_call'
20:08:31 worker.1   | /Users/leandrobenuv/.asdf/installs/ruby/3.4.4/lib/ruby/gems/3.4.0/gems/sidekiq-7.3.1/lib/sidekiq/fetch.rb:47:in 'block in Sidekiq::BasicFetch#retrieve_work'
20:08:31 worker.1   | /Users/leandrobenuv/.asdf/installs/ruby/3.4.4/lib/ruby/gems/3.4.0/gems/sidekiq-7.3.1/lib/sidekiq/capsule.rb:107:in 'block in Sidekiq::Capsule#redis'
20:08:31 worker.1   | /Users/leandrobenuv/.asdf/installs/ruby/3.4.4/lib/ruby/gems/3.4.0/gems/connection_pool-2.5.5/lib/connection_pool.rb:114:in 'block (2 levels) in ConnectionPool#with'220:08:31 worker.1   | /Users/leandrobenuv/.asdf/installs/ruby/3.4.4/lib/ruby/gems/3.4.0/gems/connection_pool-2.5.5/lib/connection_pool.rb:113:in 'Thread.handle_interrupt'
20:08:31 worker.1   | /Users/leandrobenuv/.asdf/installs/ruby/3.4.4/lib/ruby/gems/3.4.0/gems/connection_pool-2.5.5/lib/connection_pool.rb:113:in 'block in ConnectionPool#with'
20:08:31 worker.1   | /Users/leandrobenuv/.asdf/installs/ruby/3.4.4/lib/ruby/gems/3.4.0/gems/connection_pool-2.5.5/lib/connection_pool.rb:110:in 'Thread.handle_interrupt'
20:08:31 worker.1   | /Users/leandrobenuv/.asdf/installs/ruby/3.4.4/lib/ruby/gems/3.4.0/gems/connection_pool-2.5.5/lib/connection_pool.rb:110:in 'ConnectionPool#with'
20:08:31 worker.1   | /Users/leandrobenuv/.asdf/installs/ruby/3.4.4/lib/ruby/gems/3.4.0/gems/sidekiq-7.3.1/lib/sidekiq/capsule.rb:104:in 'Sidekiq::Capsule#redis'
20:08:31 worker.1   | /Users/leandrobenuv/.asdf/installs/ruby/3.4.4/lib/ruby/gems/3.4.0/gems/sidekiq-7.3.1/lib/sidekiq/component.rb:28:in 'Sidekiq::Component#redis'
20:08:31 worker.1   | /Users/leandrobenuv/.asdf/installs/ruby/3.4.4/lib/ruby/gems/3.4.0/gems/sidekiq-7.3.1/lib/sidekiq/fetch.rb:47:in 'Sidekiq::BasicFetch#retrieve_work'
20:08:31 worker.1   | /Users/leandrobenuv/.asdf/installs/ruby/3.4.4/lib/ruby/gems/3.4.0/gems/sidekiq-7.3.1/lib/sidekiq/processor.rb:91:in 'Sidekiq::Processor#get_one'
20:08:31 worker.1   | /Users/leandrobenuv/.asdf/installs/ruby/3.4.4/lib/ruby/gems/3.4.0/gems/sidekiq-7.3.1/lib/sidekiq/processor.rb:103:in 'Sidekiq::Processor#fetch'
20:08:31 worker.1   | /Users/leandrobenuv/.asdf/installs/ruby/3.4.4/lib/ruby/gems/3.4.0/gems/sidekiq-7.3.1/lib/sidekiq/processor.rb:85:in 'Sidekiq::Processor#process_one'20:08:31 worker.1   | /Users/leandrobenuv/.asdf/installs/ruby/3.4.4/lib/ruby/gems/3.4.0/gems/sidekiq-7.3.1/lib/sidekiq/processor.rb:76:in 'Sidekiq::Processor#run'
20:08:31 worker.1   | /Users/leandrobenuv/.asdf/installs/ruby/3.4.4/lib/ruby/gems/3.4.0/gems/sidekiq-7.3.1/lib/sidekiq/component.rb:10:in 'Sidekiq::Component#watchdog'
20:08:31 worker.1   | /Users/leandrobenuv/.asdf/installs/ruby/3.4.4/lib/ruby/gems/3.4.0/gems/sidekiq-7.3.1/lib/sidekiq/component.rb:19:in 'block in Sidekiq::Component#safe_thread'
220:08:31 worker.1   | 2026-03-06T22:54:35.911Z pid=84239 tid=1spb WARN: Thread TID-2itz sidekiq.default/processor20:08:31 worker.1   | 2026-03-06T22:50:08.504Z pid=82204 tid=1uak WARN: /Users/leandrobenuv/.asdf/installs/ruby/3.4.4/lib/ruby/gems/3.4.0/gems/redis-client-0.22.2/lib/redis_client/ruby_connection/buffered_io.rb:213:in 'IO#wait_readable'
20:08:31 worker.1   | /Users/leandrobenuv/.asdf/installs/ruby/3.4.4/lib/ruby/gems/3.4.0/gems/redis-client-0.22.2/lib/redis_client/ruby_connection/buffered_io.rb:213:in 'block in RedisClient::RubyConnection::BufferedIO#fill_buffer'
20:08:31 worker.1   | <internal:kernel>:168:in 'Kernel#loop'
20:08:31 worker.1   | /Users/leandrobenuv/.asdf/installs/ruby/3.4.4/lib/ruby/gems/3.4.0/gems/redis-client-0.22.2/lib/redis_client/ruby_connection/buffered_io.rb:197:in 'RedisClient::RubyConnection::BufferedIO#fill_buffer'
20:08:31 worker.1   | /Users/leandrobenuv/.asdf/installs/ruby/3.4.4/lib/ruby/gems/3.4.0/gems/redis-client-0.22.2/lib/redis_client/ruby_connection/buffered_io.rb:187:in 'RedisClient::RubyConnection::BufferedIO#ensure_remaining'
20:08:31 worker.1   | /Users/leandrobenuv/.asdf/installs/ruby/3.4.4/lib/ruby/gems/3.4.0/gems/redis-client-0.22.2/lib/redis_client/ruby_connection/buffered_io.rb:152:in 'RedisClient::RubyConnection::BufferedIO#getbyte'
20:08:31 worker.1   | /Users/leandrobenuv/.asdf/installs/ruby/3.4.4/lib/ruby/gems/3.4.0/gems/redis-client-0.22.2/lib/redis_client/ruby_connection/resp3.rb:113:in 'RedisClient::RESP3.parse'
20:08:31 worker.1   | /Users/leandrobenuv/.asdf/installs/ruby/3.4.4/lib/ruby/gems/3.4.0/gems/redis-client-0.22.2/lib/redis_client/ruby_connection/resp3.rb:50:in 'RedisClient::RESP3.load'
20:08:31 worker.1   | /Users/leandrobenuv/.asdf/installs/ruby/3.4.4/lib/ruby/gems/3.4.0/gems/redis-client-0.22.2/lib/redis_client/ruby_connection.rb:98:in 'block in RedisClient::RubyConnection#read'
220:08:31 worker.1   | /Users/leandrobenuv/.asdf/installs/ruby/3.4.4/lib/ruby/gems/3.4.0/gems/redis-client-0.22.2/lib/redis_client/ruby_connection/buffered_io.rb:114:in 'RedisClient::RubyConnection::BufferedIO#with_timeout'20:08:31 worker.1   | /Users/leandrobenuv/.asdf/installs/ruby/3.4.4/lib/ruby/gems/3.4.0/gems/redis-client-0.22.2/lib/redis_client/ruby_connection.rb:98:in 'RedisClient::RubyConnection#read'
20:08:31 worker.1   | /Users/leandrobenuv/.asdf/installs/ruby/3.4.4/lib/ruby/gems/3.4.0/gems/redis-client-0.22.2/lib/redis_client/connection_mixin.rb:31:in 'RedisClient::ConnectionMixin#call'
20:08:31 worker.1   | /Users/leandrobenuv/.asdf/installs/ruby/3.4.4/lib/ruby/gems/3.4.0/gems/redis-client-0.22.2/lib/redis_client.rb:340:in 'block (2 levels) in RedisClient#blocking_call'
20:08:31 worker.1   | /Users/leandrobenuv/.asdf/installs/ruby/3.4.4/lib/ruby/gems/3.4.0/gems/redis-client-0.22.2/lib/redis_client/middlewares.rb:16:in 'RedisClient::BasicMiddleware#call'
20:08:31 worker.1   | /Users/leandrobenuv/.asdf/installs/ruby/3.4.4/lib/ruby/gems/3.4.0/gems/redis-client-0.22.2/lib/redis_client.rb:339:in 'block in RedisClient#blocking_call'
20:08:31 worker.1   | /Users/leandrobenuv/.asdf/installs/ruby/3.4.4/lib/ruby/gems/3.4.0/gems/redis-client-0.22.2/lib/redis_client.rb:699:in 'RedisClient#ensure_connected'
20:08:31 worker.1   | /Users/leandrobenuv/.asdf/installs/ruby/3.4.4/lib/ruby/gems/3.4.0/gems/redis-client-0.22.2/lib/redis_client.rb:338:in 'RedisClient#blocking_call'
20:08:31 worker.1   | /Users/leandrobenuv/.asdf/installs/ruby/3.4.4/lib/ruby/gems/3.4.0/gems/redis-client-0.22.2/lib/redis_client/decorator.rb:26:in 'RedisClient::Decorator::CommandsMixin#blocking_call'
20:08:31 worker.1   | /Users/leandrobenuv/.asdf/installs/ruby/3.4.4/lib/ruby/gems/3.4.0/gems/sidekiq-7.3.1/lib/sidekiq/fetch.rb:47:in 'block in Sidekiq::BasicFetch#retrieve_work'
20:08:31 worker.1   | /Users/leandrobenuv/.asdf/installs/ruby/3.4.4/lib/ruby/gems/3.4.0/gems/sidekiq-7.3.1/lib/sidekiq/capsule.rb:107:in 'block in Sidekiq::Capsule#redis'
20:08:31 worker.1   | /Users/leandrobenuv/.asdf/installs/ruby/3.4.4/lib/ruby/gems/3.4.0/gems/connection_pool-2.5.5/lib/connection_pool.rb:114:in 'block (2 levels) in ConnectionPool#with'
20:08:31 worker.1   | /Users/leandrobenuv/.asdf/installs/ruby/3.4.4/lib/ruby/gems/3.4.0/gems/connection_pool-2.5.5/lib/connection_pool.rb:113:in 'Thread.handle_interrupt'
20:08:31 worker.1   | /Users/leandrobenuv/.asdf/installs/ruby/3.4.4/lib/ruby/gems/3.4.0/gems/connection_pool-2.5.5/lib/connection_pool.rb:113:in 'block in ConnectionPool#with'
20:08:31 worker.1   | /Users/leandrobenuv/.asdf/installs/ruby/3.4.4/lib/ruby/gems/3.4.0/gems/connection_pool-2.5.5/lib/connection_pool.rb:110:in 'Thread.handle_interrupt'
20:08:31 worker.1   | /Users/leandrobenuv/.asdf/installs/ruby/3.4.4/lib/ruby/gems/3.4.0/gems/connection_pool-2.5.5/lib/connection_pool.rb:110:in 'ConnectionPool#with'
20:08:31 worker.1   | /Users/leandrobenuv/.asdf/installs/ruby/3.4.4/lib/ruby/gems/3.4.0/gems/sidekiq-7.3.1/lib/sidekiq/capsule.rb:104:in 'Sidekiq::Capsule#redis'
20:08:31 worker.1   | /Users/leandrobenuv/.asdf/installs/ruby/3.4.4/lib/ruby/gems/3.4.0/gems/sidekiq-7.3.1/lib/sidekiq/component.rb:28:in 'Sidekiq::Component#redis'
20:08:31 worker.1   | /Users/leandrobenuv/.asdf/installs/ruby/3.4.4/lib/ruby/gems/3.4.0/gems/sidekiq-7.3.1/lib/sidekiq/fetch.rb:47:in 'Sidekiq::BasicFetch#retrieve_work'
20:08:31 worker.1   | /Users/leandrobenuv/.asdf/installs/ruby/3.4.4/lib/ruby/gems/3.4.0/gems/sidekiq-7.3.1/lib/sidekiq/processor.rb:91:in 'Sidekiq::Processor#get_one'
20:08:31 worker.1   | /Users/leandrobenuv/.asdf/installs/ruby/3.4.4/lib/ruby/gems/3.4.0/gems/sidekiq-7.3.1/lib/sidekiq/processor.rb:103:in 'Sidekiq::Processor#fetch'
20:08:31 worker.1   | /Users/leandrobenuv/.asdf/installs/ruby/3.4.4/lib/ruby/gems/3.4.0/gems/sidekiq-7.3.1/lib/sidekiq/processor.rb:85:in 'Sidekiq::Processor#process_one'
20:08:31 worker.1   | /Users/leandrobenuv/.asdf/installs/ruby/3.4.4/lib/ruby/gems/3.4.0/gems/sidekiq-7.3.1/lib/sidekiq/processor.rb:76:in 'Sidekiq::Processor#run'
20:08:31 worker.1   | /Users/leandrobenuv/.asdf/installs/ruby/3.4.4/lib/ruby/gems/3.4.0/gems/sidekiq-7.3.1/lib/sidekiq/component.rb:10:in 'Sidekiq::Component#watchdog'
20:08:31 worker.1   | /Users/leandrobenuv/.asdf/installs/ruby/3.4.4/lib/ruby/gems/3.4.0/gems/sidekiq-7.3.1/lib/sidekiq/component.rb:19:in 'block in Sidekiq::Component#safe_thread'
20:08:31 worker.1   | 2026-03-06T22:50:08.504Z pid=82204 tid=1uak WARN: Thread TID-2ha4 sidekiq.default/processor
20:08:31 worker.1   | 2026-03-06T22:50:08.504Z pid=82204 tid=1uak WARN: /Users/leandrobenuv/.asdf/installs/ruby/3.4.4/lib/ruby/gems/3.4.0/gems/redis-client-0.22.2/lib/redis_client/ruby_connection/buffered_io.rb:213:in 'IO#wait_readable'
20:08:31 worker.1   | /Users/leandrobenuv/.asdf/installs/ruby/3.4.4/lib/ruby/gems/3.4.0/gems/redis-client-0.22.2/lib/redis_client/ruby_connection/buffered_io.rb:213:in 'block in RedisClient::RubyConnection::BufferedIO#fill_buffer'
20:08:31 worker.1   | <internal:kernel>:168:in 'Kernel#loop'
220:08:31 worker.1   | /Users/leandrobenuv/.asdf/installs/ruby/3.4.4/lib/ruby/gems/3.4.0/gems/redis-client-0.22.2/lib/redis_client/ruby_connection/buffered_io.rb:197:in 'RedisClient::RubyConnection::BufferedIO#fill_buffer'20:08:31 worker.1   | /Users/leandrobenuv/.asdf/installs/ruby/3.4.4/lib/ruby/gems/3.4.0/gems/redis-client-0.22.2/lib/redis_client/ruby_connection/buffered_io.rb:187:in 'RedisClient::RubyConnection::BufferedIO#ensure_remaining'
20:08:31 worker.1   | /Users/leandrobenuv/.asdf/installs/ruby/3.4.4/lib/ruby/gems/3.4.0/gems/redis-client-0.22.2/lib/redis_client/ruby_connection/buffered_io.rb:152:in 'RedisClient::RubyConnection::BufferedIO#getbyte'
20:08:31 worker.1   | /Users/leandrobenuv/.asdf/installs/ruby/3.4.4/lib/ruby/gems/3.4.0/gems/redis-client-0.22.2/lib/redis_client/ruby_connection/resp3.rb:113:in 'RedisClient::RESP3.parse'
20:08:31 worker.1   | /Users/leandrobenuv/.asdf/installs/ruby/3.4.4/lib/ruby/gems/3.4.0/gems/redis-client-0.22.2/lib/redis_client/ruby_connection/resp3.rb:50:in 'RedisClient::RESP3.load'
20:08:31 worker.1   | /Users/leandrobenuv/.asdf/installs/ruby/3.4.4/lib/ruby/gems/3.4.0/gems/redis-client-0.22.2/lib/redis_client/ruby_connection.rb:98:in 'block in RedisClient::RubyConnection#read'
20:08:31 worker.1   | /Users/leandrobenuv/.asdf/installs/ruby/3.4.4/lib/ruby/gems/3.4.0/gems/redis-client-0.22.2/lib/redis_client/ruby_connection/buffered_io.rb:114:in 'RedisClient::RubyConnection::BufferedIO#with_timeout'
20:08:31 worker.1   | /Users/leandrobenuv/.asdf/installs/ruby/3.4.4/lib/ruby/gems/3.4.0/gems/redis-client-0.22.2/lib/redis_client/ruby_connection.rb:98:in 'RedisClient::RubyConnection#read'
20:08:31 worker.1   | /Users/leandrobenuv/.asdf/installs/ruby/3.4.4/lib/ruby/gems/3.4.0/gems/redis-client-0.22.2/lib/redis_client/connection_mixin.rb:31:in 'RedisClient::ConnectionMixin#call'
20:08:31 worker.1   | /Users/leandrobenuv/.asdf/installs/ruby/3.4.4/lib/ruby/gems/3.4.0/gems/redis-client-0.22.2/lib/redis_client.rb:340:in 'block (2 levels) in RedisClient#blocking_call'
20:08:31 worker.1   | /Users/leandrobenuv/.asdf/installs/ruby/3.4.4/lib/ruby/gems/3.4.0/gems/redis-client-0.22.2/lib/redis_client/middlewares.rb:16:in 'RedisClient::BasicMiddleware#call'
20:08:31 worker.1   | /Users/leandrobenuv/.asdf/installs/ruby/3.4.4/lib/ruby/gems/3.4.0/gems/redis-client-0.22.2/lib/redis_client.rb:339:in 'block in RedisClient#blocking_call'
20:08:31 worker.1   | /Users/leandrobenuv/.asdf/installs/ruby/3.4.4/lib/ruby/gems/3.4.0/gems/redis-client-0.22.2/lib/redis_client.rb:699:in 'RedisClient#ensure_connected'
20:08:31 worker.1   | /Users/leandrobenuv/.asdf/installs/ruby/3.4.4/lib/ruby/gems/3.4.0/gems/redis-client-0.22.2/lib/redis_client.rb:338:in 'RedisClient#blocking_call'
20:08:31 worker.1   | /Users/leandrobenuv/.asdf/installs/ruby/3.4.4/lib/ruby/gems/3.4.0/gems/redis-client-0.22.2/lib/redis_client/decorator.rb:26:in 'RedisClient::Decorator::CommandsMixin#blocking_call'
20:08:31 worker.1   | /Users/leandrobenuv/.asdf/installs/ruby/3.4.4/lib/ruby/gems/3.4.0/gems/sidekiq-7.3.1/lib/sidekiq/fetch.rb:47:in 'block in Sidekiq::BasicFetch#retrieve_work'
20:08:31 worker.1   | /Users/leandrobenuv/.asdf/installs/ruby/3.4.4/lib/ruby/gems/3.4.0/gems/sidekiq-7.3.1/lib/sidekiq/capsule.rb:107:in 'block in Sidekiq::Capsule#redis'
20:08:31 worker.1   | /Users/leandrobenuv/.asdf/installs/ruby/3.4.4/lib/ruby/gems/3.4.0/gems/connection_pool-2.5.5/lib/connection_pool.rb:114:in 'block (2 levels) in ConnectionPool#with'
20:08:31 worker.1   | /Users/leandrobenuv/.asdf/installs/ruby/3.4.4/lib/ruby/gems/3.4.0/gems/connection_pool-2.5.5/lib/connection_pool.rb:113:in 'Thread.handle_interrupt'
20:08:31 worker.1   | /Users/leandrobenuv/.asdf/installs/ruby/3.4.4/lib/ruby/gems/3.4.0/gems/connection_pool-2.5.5/lib/connection_pool.rb:113:in 'block in ConnectionPool#with'
20:08:31 worker.1   | /Users/leandrobenuv/.asdf/installs/ruby/3.4.4/lib/ruby/gems/3.4.0/gems/connection_pool-2.5.5/lib/connection_pool.rb:110:in 'Thread.handle_interrupt'
20:08:31 worker.1   | /Users/leandrobenuv/.asdf/installs/ruby/3.4.4/lib/ruby/gems/3.4.0/gems/connection_pool-2.5.5/lib/connection_pool.rb:110:in 'ConnectionPool#with'
20:08:31 worker.1   | /Users/leandrobenuv/.asdf/installs/ruby/3.4.4/lib/ruby/gems/3.4.0/gems/sidekiq-7.3.1/lib/sidekiq/capsule.rb:104:in 'Sidekiq::Capsule#redis'
20:08:31 worker.1   | /Users/leandrobenuv/.asdf/installs/ruby/3.4.4/lib/ruby/gems/3.4.0/gems/sidekiq-7.3.1/lib/sidekiq/component.rb:28:in 'Sidekiq::Component#redis'
20:08:31 worker.1   | /Users/leandrobenuv/.asdf/installs/ruby/3.4.4/lib/ruby/gems/3.4.0/gems/sidekiq-7.3.1/lib/sidekiq/fetch.rb:47:in 'Sidekiq::BasicFetch#retrieve_work'
20:08:31 worker.1   | /Users/leandrobenuv/.asdf/installs/ruby/3.4.4/lib/ruby/gems/3.4.0/gems/sidekiq-7.3.1/lib/sidekiq/processor.rb:91:in 'Sidekiq::Processor#get_one'
20:08:31 worker.1   | /Users/leandrobenuv/.asdf/installs/ruby/3.4.4/lib/ruby/gems/3.4.0/gems/sidekiq-7.3.1/lib/sidekiq/processor.rb:103:in 'Sidekiq::Processor#fetch'
20:08:31 worker.1   | /Users/leandrobenuv/.asdf/installs/ruby/3.4.4/lib/ruby/gems/3.4.0/gems/sidekiq-7.3.1/lib/sidekiq/processor.rb:85:in 'Sidekiq::Processor#process_one'
20:08:31 worker.1   | /Users/leandrobenuv/.asdf/installs/ruby/3.4.4/lib/ruby/gems/3.4.0/gems/sidekiq-7.3.1/lib/sidekiq/processor.rb:76:in 'Sidekiq::Processor#run'
20:08:31 worker.1   | /Users/leandrobenuv/.asdf/installs/ruby/3.4.4/lib/ruby/gems/3.4.0/gems/sidekiq-7.3.1/lib/sidekiq/component.rb:10:in 'Sidekiq::Component#watchdog'
220:08:31 worker.1   | /Users/leandrobenuv/.asdf/installs/ruby/3.4.4/lib/ruby/gems/3.4.0/gems/sidekiq-7.3.1/lib/sidekiq/component.rb:19:in 'block in Sidekiq::Component#safe_thread'220:08:31 worker.1   | 2026-03-06T22:54:35.912Z pid=84239 tid=1spb WARN: Thread TID-2iuf sidekiq.default/processor220:08:31 worker.1   | 2026-03-06T22:54:35.912Z pid=84239 tid=1spb WARN: /Users/leandrobenuv/.asdf/installs/ruby/3.4.4/lib/ruby/gems/3.4.0/gems/redis-client-0.22.2/lib/redis_client/ruby_connection/buffered_io.rb:213:in 'IO#wait_readable'220:08:31 worker.1   | /Users/leandrobenuv/.asdf/installs/ruby/3.4.4/lib/ruby/gems/3.4.0/gems/redis-client-0.22.2/lib/redis_client/ruby_connection/buffered_io.rb:213:in 'block in RedisClient::RubyConnection::BufferedIO#fill_buffer'220:08:31 worker.1   | <internal:kernel>:168:in 'Kernel#loop'220:08:31 worker.1   | /Users/leandrobenuv/.asdf/installs/ruby/3.4.4/lib/ruby/gems/3.4.0/gems/redis-client-0.22.2/lib/redis_client/ruby_connection/buffered_io.rb:197:in 'RedisClient::RubyConnection::BufferedIO#fill_buffer'220:08:31 worker.1   | /Users/leandrobenuv/.asdf/installs/ruby/3.4.4/lib/ruby/gems/3.4.0/gems/redis-client-0.22.2/lib/redis_client/ruby_connection/buffered_io.rb:187:in 'RedisClient::RubyConnection::BufferedIO#ensure_remaining'220:08:31 worker.1   | /Users/leandrobenuv/.asdf/installs/ruby/3.4.4/lib/ruby/gems/3.4.0/gems/redis-client-0.22.2/lib/redis_client/ruby_connection/buffered_io.rb:152:in 'RedisClient::RubyConnection::BufferedIO#getbyte'220:08:31 worker.1   | /Users/leandrobenuv/.asdf/installs/ruby/3.4.4/lib/ruby/gems/3.4.0/gems/redis-client-0.22.2/lib/redis_client/ruby_connection/resp3.rb:113:in 'RedisClient::RESP3.parse'220:08:31 worker.1   | /Users/leandrobenuv/.asdf/installs/ruby/3.4.4/lib/ruby/gems/3.4.0/gems/redis-client-0.22.2/lib/redis_client/ruby_connection/resp3.rb:50:in 'RedisClient::RESP3.load'220:08:31 worker.1   | /Users/leandrobenuv/.asdf/installs/ruby/3.4.4/lib/ruby/gems/3.4.0/gems/redis-client-0.22.2/lib/redis_client/ruby_connection.rb:98:in 'block in RedisClient::RubyConnection#read'220:08:31 worker.1   | /Users/leandrobenuv/.asdf/installs/ruby/3.4.4/lib/ruby/gems/3.4.0/gems/redis-client-0.22.2/lib/redis_client/ruby_connection/buffered_io.rb:114:in 'RedisClient::RubyConnection::BufferedIO#with_timeout'220:08:31 worker.1   | /Users/leandrobenuv/.asdf/installs/ruby/3.4.4/lib/ruby/gems/3.4.0/gems/redis-client-0.22.2/lib/redis_client/ruby_connection.rb:98:in 'RedisClient::RubyConnection#read'220:08:31 worker.1   | /Users/leandrobenuv/.asdf/installs/ruby/3.4.4/lib/ruby/gems/3.4.0/gems/redis-client-0.22.2/lib/redis_client/connection_mixin.rb:31:in 'RedisClient::ConnectionMixin#call'220:08:31 worker.1   | /Users/leandrobenuv/.asdf/installs/ruby/3.4.4/lib/ruby/gems/3.4.0/gems/redis-client-0.22.2/lib/redis_client.rb:340:in 'block (2 levels) in RedisClient#blocking_call'220:08:31 worker.1   | /Users/leandrobenuv/.asdf/installs/ruby/3.4.4/lib/ruby/gems/3.4.0/gems/redis-client-0.22.2/lib/redis_client/middlewares.rb:16:in 'RedisClient::BasicMiddleware#call'220:08:31 worker.1   | /Users/leandrobenuv/.asdf/installs/ruby/3.4.4/lib/ruby/gems/3.4.0/gems/redis-client-0.22.2/lib/redis_client.rb:339:in 'block in RedisClient#blocking_call'220:08:31 worker.1   | /Users/leandrobenuv/.asdf/installs/ruby/3.4.4/lib/ruby/gems/3.4.0/gems/redis-client-0.22.2/lib/redis_client.rb:699:in 'RedisClient#ensure_connected'220:08:31 worker.1   | /Users/leandrobenuv/.asdf/installs/ruby/3.4.4/lib/ruby/gems/3.4.0/gems/redis-client-0.22.2/lib/redis_client.rb:338:in 'RedisClient#blocking_call'220:08:31 worker.1   | /Users/leandrobenuv/.asdf/installs/ruby/3.4.4/lib/ruby/gems/3.4.0/gems/redis-client-0.22.2/lib/redis_client/decorator.rb:26:in 'RedisClient::Decorator::CommandsMixin#blocking_call'220:08:31 worker.1   | /Users/leandrobenuv/.asdf/installs/ruby/3.4.4/lib/ruby/gems/3.4.0/gems/sidekiq-7.3.1/lib/sidekiq/fetch.rb:47:in 'block in Sidekiq::BasicFetch#retrieve_work'220:08:31 worker.1   | /Users/leandrobenuv/.asdf/installs/ruby/3.4.4/lib/ruby/gems/3.4.0/gems/sidekiq-7.3.1/lib/sidekiq/capsule.rb:107:in 'block in Sidekiq::Capsule#redis'220:08:31 worker.1   | /Users/leandrobenuv/.asdf/installs/ruby/3.4.4/lib/ruby/gems/3.4.0/gems/connection_pool-2.5.5/lib/connection_pool.rb:114:in 'block (2 levels) in ConnectionPool#with'220:08:31 worker.1   | /Users/leandrobenuv/.asdf/installs/ruby/3.4.4/lib/ruby/gems/3.4.0/gems/connection_pool-2.5.5/lib/connection_pool.rb:113:in 'Thread.handle_interrupt'220:08:31 worker.1   | /Users/leandrobenuv/.asdf/installs/ruby/3.4.4/lib/ruby/gems/3.4.0/gems/connection_pool-2.5.5/lib/connection_pool.rb:113:in 'block in ConnectionPool#with'220:08:31 worker.1   | /Users/leandrobenuv/.asdf/installs/ruby/3.4.4/lib/ruby/gems/3.4.0/gems/connection_pool-2.5.5/lib/connection_pool.rb:110:in 'Thread.handle_interrupt'220:08:31 worker.1   | /Users/leandrobenuv/.asdf/installs/ruby/3.4.4/lib/ruby/gems/3.4.0/gems/connection_pool-2.5.5/lib/connection_pool.rb:110:in 'ConnectionPool#with'220:08:31 worker.1   | /Users/leandrobenuv/.asdf/installs/ruby/3.4.4/lib/ruby/gems/3.4.0/gems/sidekiq-7.3.1/lib/sidekiq/capsule.rb:104:in 'Sidekiq::Capsule#redis'220:08:31 worker.1   | /Users/leandrobenuv/.asdf/installs/ruby/3.4.4/lib/ruby/gems/3.4.0/gems/sidekiq-7.3.1/lib/sidekiq/component.rb:28:in 'Sidekiq::Component#redis'20:08:31 worker.1   | /Users/leandrobenuv/.asdf/installs/ruby/3.4.4/lib/ruby/gems/3.4.0/gems/sidekiq-7.3.1/lib/sidekiq/fetch.rb:47:in 'Sidekiq::BasicFetch#retrieve_work'
20:08:31 worker.1   | /Users/leandrobenuv/.asdf/installs/ruby/3.4.4/lib/ruby/gems/3.4.0/gems/sidekiq-7.3.1/lib/sidekiq/processor.rb:91:in 'Sidekiq::Processor#get_one'
20:08:31 worker.1   | /Users/leandrobenuv/.asdf/installs/ruby/3.4.4/lib/ruby/gems/3.4.0/gems/sidekiq-7.3.1/lib/sidekiq/processor.rb:103:in 'Sidekiq::Processor#fetch'
20:08:31 worker.1   | /Users/leandrobenuv/.asdf/installs/ruby/3.4.4/lib/ruby/gems/3.4.0/gems/sidekiq-7.3.1/lib/sidekiq/processor.rb:85:in 'Sidekiq::Processor#process_one'
20:08:31 worker.1   | /Users/leandrobenuv/.asdf/installs/ruby/3.4.4/lib/ruby/gems/3.4.0/gems/sidekiq-7.3.1/lib/sidekiq/processor.rb:76:in 'Sidekiq::Processor#run'
20:08:31 worker.1   | /Users/leandrobenuv/.asdf/installs/ruby/3.4.4/lib/ruby/gems/3.4.0/gems/sidekiq-7.3.1/lib/sidekiq/component.rb:10:in 'Sidekiq::Component#watchdog'
20:08:31 worker.1   | /Users/leandrobenuv/.asdf/installs/ruby/3.4.4/lib/ruby/gems/3.4.0/gems/sidekiq-7.3.1/lib/sidekiq/component.rb:19:in 'block in Sidekiq::Component#safe_thread'
20:08:31 worker.1   | 2026-03-06T22:50:08.504Z pid=82204 tid=1uak WARN: Thread TID-2h9o sidekiq.default/processor
20:08:31 worker.1   | 2026-03-06T22:50:08.504Z pid=82204 tid=1uak WARN: /Users/leandrobenuv/.asdf/installs/ruby/3.4.4/lib/ruby/gems/3.4.0/gems/redis-client-0.22.2/lib/redis_client/ruby_connection/buffered_io.rb:213:in 'IO#wait_readable'
20:08:31 worker.1   | /Users/leandrobenuv/.asdf/installs/ruby/3.4.4/lib/ruby/gems/3.4.0/gems/redis-client-0.22.2/lib/redis_client/ruby_connection/buffered_io.rb:213:in 'block in RedisClient::RubyConnection::BufferedIO#fill_buffer'
20:08:31 worker.1   | <internal:kernel>:168:in 'Kernel#loop'
20:08:31 worker.1   | /Users/leandrobenuv/.asdf/installs/ruby/3.4.4/lib/ruby/gems/3.4.0/gems/redis-client-0.22.2/lib/redis_client/ruby_connection/buffered_io.rb:197:in 'RedisClient::RubyConnection::BufferedIO#fill_buffer'
20:08:31 worker.1   | /Users/leandrobenuv/.asdf/installs/ruby/3.4.4/lib/ruby/gems/3.4.0/gems/redis-client-0.22.2/lib/redis_client/ruby_connection/buffered_io.rb:187:in 'RedisClient::RubyConnection::BufferedIO#ensure_remaining'
20:08:31 worker.1   | /Users/leandrobenuv/.asdf/installs/ruby/3.4.4/lib/ruby/gems/3.4.0/gems/redis-client-0.22.2/lib/redis_client/ruby_connection/buffered_io.rb:152:in 'RedisClient::RubyConnection::BufferedIO#getbyte'
20:08:31 worker.1   | /Users/leandrobenuv/.asdf/installs/ruby/3.4.4/lib/ruby/gems/3.4.0/gems/redis-client-0.22.2/lib/redis_client/ruby_connection/resp3.rb:113:in 'RedisClient::RESP3.parse'
20:08:31 worker.1   | /Users/leandrobenuv/.asdf/installs/ruby/3.4.4/lib/ruby/gems/3.4.0/gems/redis-client-0.22.2/lib/redis_client/ruby_connection/resp3.rb:50:in 'RedisClient::RESP3.load'
20:08:31 worker.1   | /Users/leandrobenuv/.asdf/installs/ruby/3.4.4/lib/ruby/gems/3.4.0/gems/redis-client-0.22.2/lib/redis_client/ruby_connection.rb:98:in 'block in RedisClient::RubyConnection#read'
220:08:31 worker.1   | /Users/leandrobenuv/.asdf/installs/ruby/3.4.4/lib/ruby/gems/3.4.0/gems/redis-client-0.22.2/lib/redis_client/ruby_connection/buffered_io.rb:114:in 'RedisClient::RubyConnection::BufferedIO#with_timeout'220:08:31 worker.1   | /Users/leandrobenuv/.asdf/installs/ruby/3.4.4/lib/ruby/gems/3.4.0/gems/redis-client-0.22.2/lib/redis_client/ruby_connection.rb:98:in 'RedisClient::RubyConnection#read'220:08:31 worker.1   | /Users/leandrobenuv/.asdf/installs/ruby/3.4.4/lib/ruby/gems/3.4.0/gems/redis-client-0.22.2/lib/redis_client/connection_mixin.rb:31:in 'RedisClient::ConnectionMixin#call'220:08:31 worker.1   | /Users/leandrobenuv/.asdf/installs/ruby/3.4.4/lib/ruby/gems/3.4.0/gems/redis-client-0.22.2/lib/redis_client.rb:340:in 'block (2 levels) in RedisClient#blocking_call'220:08:31 worker.1   | /Users/leandrobenuv/.asdf/installs/ruby/3.4.4/lib/ruby/gems/3.4.0/gems/redis-client-0.22.2/lib/redis_client/middlewares.rb:16:in 'RedisClient::BasicMiddleware#call'220:08:31 worker.1   | /Users/leandrobenuv/.asdf/installs/ruby/3.4.4/lib/ruby/gems/3.4.0/gems/redis-client-0.22.2/lib/redis_client.rb:339:in 'block in RedisClient#blocking_call'220:08:31 worker.1   | /Users/leandrobenuv/.asdf/installs/ruby/3.4.4/lib/ruby/gems/3.4.0/gems/redis-client-0.22.2/lib/redis_client.rb:699:in 'RedisClient#ensure_connected'220:08:31 worker.1   | /Users/leandrobenuv/.asdf/installs/ruby/3.4.4/lib/ruby/gems/3.4.0/gems/redis-client-0.22.2/lib/redis_client.rb:338:in 'RedisClient#blocking_call'220:08:31 worker.1   | /Users/leandrobenuv/.asdf/installs/ruby/3.4.4/lib/ruby/gems/3.4.0/gems/redis-client-0.22.2/lib/redis_client/decorator.rb:26:in 'RedisClient::Decorator::CommandsMixin#blocking_call'220:08:31 worker.1   | /Users/leandrobenuv/.asdf/installs/ruby/3.4.4/lib/ruby/gems/3.4.0/gems/sidekiq-7.3.1/lib/sidekiq/fetch.rb:47:in 'block in Sidekiq::BasicFetch#retrieve_work'220:08:31 worker.1   | /Users/leandrobenuv/.asdf/installs/ruby/3.4.4/lib/ruby/gems/3.4.0/gems/sidekiq-7.3.1/lib/sidekiq/capsule.rb:107:in 'block in Sidekiq::Capsule#redis'220:08:31 worker.1   | /Users/leandrobenuv/.asdf/installs/ruby/3.4.4/lib/ruby/gems/3.4.0/gems/connection_pool-2.5.5/lib/connection_pool.rb:114:in 'block (2 levels) in ConnectionPool#with'220:08:31 worker.1   | /Users/leandrobenuv/.asdf/installs/ruby/3.4.4/lib/ruby/gems/3.4.0/gems/connection_pool-2.5.5/lib/connection_pool.rb:113:in 'Thread.handle_interrupt'220:08:31 worker.1   | /Users/leandrobenuv/.asdf/installs/ruby/3.4.4/lib/ruby/gems/3.4.0/gems/connection_pool-2.5.5/lib/connection_pool.rb:113:in 'block in ConnectionPool#with'220:08:31 worker.1   | /Users/leandrobenuv/.asdf/installs/ruby/3.4.4/lib/ruby/gems/3.4.0/gems/connection_pool-2.5.5/lib/connection_pool.rb:110:in 'Thread.handle_interrupt'220:08:31 worker.1   | /Users/leandrobenuv/.asdf/installs/ruby/3.4.4/lib/ruby/gems/3.4.0/gems/connection_pool-2.5.5/lib/connection_pool.rb:110:in 'ConnectionPool#with'220:08:31 worker.1   | /Users/leandrobenuv/.asdf/installs/ruby/3.4.4/lib/ruby/gems/3.4.0/gems/sidekiq-7.3.1/lib/sidekiq/capsule.rb:104:in 'Sidekiq::Capsule#redis'220:08:31 worker.1   | /Users/leandrobenuv/.asdf/installs/ruby/3.4.4/lib/ruby/gems/3.4.0/gems/sidekiq-7.3.1/lib/sidekiq/component.rb:28:in 'Sidekiq::Component#redis'220:08:31 worker.1   | /Users/leandrobenuv/.asdf/installs/ruby/3.4.4/lib/ruby/gems/3.4.0/gems/sidekiq-7.3.1/lib/sidekiq/fetch.rb:47:in 'Sidekiq::BasicFetch#retrieve_work'220:08:31 worker.1   | /Users/leandrobenuv/.asdf/installs/ruby/3.4.4/lib/ruby/gems/3.4.0/gems/sidekiq-7.3.1/lib/sidekiq/processor.rb:91:in 'Sidekiq::Processor#get_one'220:08:31 worker.1   | /Users/leandrobenuv/.asdf/installs/ruby/3.4.4/lib/ruby/gems/3.4.0/gems/sidekiq-7.3.1/lib/sidekiq/processor.rb:103:in 'Sidekiq::Processor#fetch'220:08:31 worker.1   | /Users/leandrobenuv/.asdf/installs/ruby/3.4.4/lib/ruby/gems/3.4.0/gems/sidekiq-7.3.1/lib/sidekiq/processor.rb:85:in 'Sidekiq::Processor#process_one'220:08:31 worker.1   | /Users/leandrobenuv/.asdf/installs/ruby/3.4.4/lib/ruby/gems/3.4.0/gems/sidekiq-7.3.1/lib/sidekiq/processor.rb:76:in 'Sidekiq::Processor#run'220:08:31 worker.1   | /Users/leandrobenuv/.asdf/installs/ruby/3.4.4/lib/ruby/gems/3.4.0/gems/sidekiq-7.3.1/lib/sidekiq/component.rb:10:in 'Sidekiq::Component#watchdog'220:08:31 worker.1   | /Users/leandrobenuv/.asdf/installs/ruby/3.4.4/lib/ruby/gems/3.4.0/gems/sidekiq-7.3.1/lib/sidekiq/component.rb:19:in 'block in Sidekiq::Component#safe_thread'220:08:31 worker.1   | 2026-03-06T22:54:35.912Z pid=84239 tid=1spb WARN: Thread TID-2iuv sidekiq.default/processor220:08:31 worker.1   | 2026-03-06T22:54:35.912Z pid=84239 tid=1spb WARN: /Users/leandrobenuv/.asdf/installs/ruby/3.4.4/lib/ruby/gems/3.4.0/gems/redis-client-0.22.2/lib/redis_client/ruby_connection/buffered_io.rb:213:in 'IO#wait_readable'220:08:31 worker.1   | /Users/leandrobenuv/.asdf/installs/ruby/3.4.4/lib/ruby/gems/3.4.0/gems/redis-client-0.22.2/lib/redis_client/ruby_connection/buffered_io.rb:213:in 'block in RedisClient::RubyConnection::BufferedIO#fill_buffer'220:08:31 worker.1   | <internal:kernel>:168:in 'Kernel#loop'220:08:31 worker.1   | /Users/leandrobenuv/.asdf/installs/ruby/3.4.4/lib/ruby/gems/3.4.0/gems/redis-client-0.22.2/lib/redis_client/ruby_connection/buffered_io.rb:197:in 'RedisClient::RubyConnection::BufferedIO#fill_buffer'220:08:31 worker.1   | /Users/leandrobenuv/.asdf/installs/ruby/3.4.4/lib/ruby/gems/3.4.0/gems/redis-client-0.22.2/lib/redis_client/ruby_connection/buffered_io.rb:187:in 'RedisClient::RubyConnection::BufferedIO#ensure_remaining'220:08:31 worker.1   | /Users/leandrobenuv/.asdf/installs/ruby/3.4.4/lib/ruby/gems/3.4.0/gems/redis-client-0.22.2/lib/redis_client/ruby_connection/buffered_io.rb:152:in 'RedisClient::RubyConnection::BufferedIO#getbyte'220:08:31 worker.1   | /Users/leandrobenuv/.asdf/installs/ruby/3.4.4/lib/ruby/gems/3.4.0/gems/redis-client-0.22.2/lib/redis_client/ruby_connection/resp3.rb:113:in 'RedisClient::RESP3.parse'220:08:31 worker.1   | /Users/leandrobenuv/.asdf/installs/ruby/3.4.4/lib/ruby/gems/3.4.0/gems/redis-client-0.22.2/lib/redis_client/ruby_connection/resp3.rb:50:in 'RedisClient::RESP3.load'220:08:31 worker.1   | /Users/leandrobenuv/.asdf/installs/ruby/3.4.4/lib/ruby/gems/3.4.0/gems/redis-client-0.22.2/lib/redis_client/ruby_connection.rb:98:in 'block in RedisClient::RubyConnection#read'220:08:31 worker.1   | /Users/leandrobenuv/.asdf/installs/ruby/3.4.4/lib/ruby/gems/3.4.0/gems/redis-client-0.22.2/lib/redis_client/ruby_connection/buffered_io.rb:114:in 'RedisClient::RubyConnection::BufferedIO#with_timeout'220:08:31 worker.1   | /Users/leandrobenuv/.asdf/installs/ruby/3.4.4/lib/ruby/gems/3.4.0/gems/redis-client-0.22.2/lib/redis_client/ruby_connection.rb:98:in 'RedisClient::RubyConnection#read'220:08:31 worker.1   | /Users/leandrobenuv/.asdf/installs/ruby/3.4.4/lib/ruby/gems/3.4.0/gems/redis-client-0.22.2/lib/redis_client/connection_mixin.rb:31:in 'RedisClient::ConnectionMixin#call'220:08:31 worker.1   | /Users/leandrobenuv/.asdf/installs/ruby/3.4.4/lib/ruby/gems/3.4.0/gems/redis-client-0.22.2/lib/redis_client.rb:340:in 'block (2 levels) in RedisClient#blocking_call'20:08:31 worker.1   | /Users/leandrobenuv/.asdf/installs/ruby/3.4.4/lib/ruby/gems/3.4.0/gems/redis-client-0.22.2/lib/redis_client/middlewares.rb:16:in 'RedisClient::BasicMiddleware#call'
220:08:31 worker.1   | /Users/leandrobenuv/.asdf/installs/ruby/3.4.4/lib/ruby/gems/3.4.0/gems/redis-client-0.22.2/lib/redis_client.rb:339:in 'block in RedisClient#blocking_call'220:08:31 worker.1   | /Users/leandrobenuv/.asdf/installs/ruby/3.4.4/lib/ruby/gems/3.4.0/gems/redis-client-0.22.2/lib/redis_client.rb:699:in 'RedisClient#ensure_connected'220:08:31 worker.1   | /Users/leandrobenuv/.asdf/installs/ruby/3.4.4/lib/ruby/gems/3.4.0/gems/redis-client-0.22.2/lib/redis_client.rb:338:in 'RedisClient#blocking_call'220:08:31 worker.1   | /Users/leandrobenuv/.asdf/installs/ruby/3.4.4/lib/ruby/gems/3.4.0/gems/redis-client-0.22.2/lib/redis_client/decorator.rb:26:in 'RedisClient::Decorator::CommandsMixin#blocking_call'220:08:31 worker.1   | /Users/leandrobenuv/.asdf/installs/ruby/3.4.4/lib/ruby/gems/3.4.0/gems/sidekiq-7.3.1/lib/sidekiq/fetch.rb:47:in 'block in Sidekiq::BasicFetch#retrieve_work'220:08:31 worker.1   | /Users/leandrobenuv/.asdf/installs/ruby/3.4.4/lib/ruby/gems/3.4.0/gems/sidekiq-7.3.1/lib/sidekiq/capsule.rb:107:in 'block in Sidekiq::Capsule#redis'220:08:31 worker.1   | /Users/leandrobenuv/.asdf/installs/ruby/3.4.4/lib/ruby/gems/3.4.0/gems/connection_pool-2.5.5/lib/connection_pool.rb:114:in 'block (2 levels) in ConnectionPool#with'220:08:31 worker.1   | /Users/leandrobenuv/.asdf/installs/ruby/3.4.4/lib/ruby/gems/3.4.0/gems/connection_pool-2.5.5/lib/connection_pool.rb:113:in 'Thread.handle_interrupt'220:08:31 worker.1   | /Users/leandrobenuv/.asdf/installs/ruby/3.4.4/lib/ruby/gems/3.4.0/gems/connection_pool-2.5.5/lib/connection_pool.rb:113:in 'block in ConnectionPool#with'220:08:31 worker.1   | /Users/leandrobenuv/.asdf/installs/ruby/3.4.4/lib/ruby/gems/3.4.0/gems/connection_pool-2.5.5/lib/connection_pool.rb:110:in 'Thread.handle_interrupt'220:08:31 worker.1   | /Users/leandrobenuv/.asdf/installs/ruby/3.4.4/lib/ruby/gems/3.4.0/gems/connection_pool-2.5.5/lib/connection_pool.rb:110:in 'ConnectionPool#with'220:08:31 worker.1   | /Users/leandrobenuv/.asdf/installs/ruby/3.4.4/lib/ruby/gems/3.4.0/gems/sidekiq-7.3.1/lib/sidekiq/capsule.rb:104:in 'Sidekiq::Capsule#redis'220:08:31 worker.1   | /Users/leandrobenuv/.asdf/installs/ruby/3.4.4/lib/ruby/gems/3.4.0/gems/sidekiq-7.3.1/lib/sidekiq/component.rb:28:in 'Sidekiq::Component#redis'220:08:31 worker.1   | /Users/leandrobenuv/.asdf/installs/ruby/3.4.4/lib/ruby/gems/3.4.0/gems/sidekiq-7.3.1/lib/sidekiq/fetch.rb:47:in 'Sidekiq::BasicFetch#retrieve_work'220:08:31 worker.1   | /Users/leandrobenuv/.asdf/installs/ruby/3.4.4/lib/ruby/gems/3.4.0/gems/sidekiq-7.3.1/lib/sidekiq/processor.rb:91:in 'Sidekiq::Processor#get_one'20:08:31 worker.1   | /Users/leandrobenuv/.asdf/installs/ruby/3.4.4/lib/ruby/gems/3.4.0/gems/sidekiq-7.3.1/lib/sidekiq/processor.rb:103:in 'Sidekiq::Processor#fetch'
220:08:31 worker.1   | /Users/leandrobenuv/.asdf/installs/ruby/3.4.4/lib/ruby/gems/3.4.0/gems/sidekiq-7.3.1/lib/sidekiq/processor.rb:85:in 'Sidekiq::Processor#process_one'220:08:31 worker.1   | /Users/leandrobenuv/.asdf/installs/ruby/3.4.4/lib/ruby/gems/3.4.0/gems/sidekiq-7.3.1/lib/sidekiq/processor.rb:76:in 'Sidekiq::Processor#run'220:08:31 worker.1   | /Users/leandrobenuv/.asdf/installs/ruby/3.4.4/lib/ruby/gems/3.4.0/gems/sidekiq-7.3.1/lib/sidekiq/component.rb:10:in 'Sidekiq::Component#watchdog'220:08:31 worker.1   | /Users/leandrobenuv/.asdf/installs/ruby/3.4.4/lib/ruby/gems/3.4.0/gems/sidekiq-7.3.1/lib/sidekiq/component.rb:19:in 'block in Sidekiq::Component#safe_thread'220:08:31 worker.1   | 2026-03-06T22:54:35.912Z pid=84239 tid=1spb WARN: Thread TID-2ihb sidekiq.default/processor220:08:31 worker.1   | 2026-03-06T22:54:35.912Z pid=84239 tid=1spb WARN: /Users/leandrobenuv/.asdf/installs/ruby/3.4.4/lib/ruby/gems/3.4.0/gems/redis-client-0.22.2/lib/redis_client/ruby_connection/buffered_io.rb:213:in 'IO#wait_readable'220:08:31 worker.1   | /Users/leandrobenuv/.asdf/installs/ruby/3.4.4/lib/ruby/gems/3.4.0/gems/redis-client-0.22.2/lib/redis_client/ruby_connection/buffered_io.rb:213:in 'block in RedisClient::RubyConnection::BufferedIO#fill_buffer'220:08:31 worker.1   | <internal:kernel>:168:in 'Kernel#loop'220:08:31 worker.1   | /Users/leandrobenuv/.asdf/installs/ruby/3.4.4/lib/ruby/gems/3.4.0/gems/redis-client-0.22.2/lib/redis_client/ruby_connection/buffered_io.rb:197:in 'RedisClient::RubyConnection::BufferedIO#fill_buffer'220:08:31 worker.1   | /Users/leandrobenuv/.asdf/installs/ruby/3.4.4/lib/ruby/gems/3.4.0/gems/redis-client-0.22.2/lib/redis_client/ruby_connection/buffered_io.rb:187:in 'RedisClient::RubyConnection::BufferedIO#ensure_remaining'220:08:31 worker.1   | /Users/leandrobenuv/.asdf/installs/ruby/3.4.4/lib/ruby/gems/3.4.0/gems/redis-client-0.22.2/lib/redis_client/ruby_connection/buffered_io.rb:152:in 'RedisClient::RubyConnection::BufferedIO#getbyte'220:08:31 worker.1   | /Users/leandrobenuv/.asdf/installs/ruby/3.4.4/lib/ruby/gems/3.4.0/gems/redis-client-0.22.2/lib/redis_client/ruby_connection/resp3.rb:113:in 'RedisClient::RESP3.parse'220:08:31 worker.1   | /Users/leandrobenuv/.asdf/installs/ruby/3.4.4/lib/ruby/gems/3.4.0/gems/redis-client-0.22.2/lib/redis_client/ruby_connection/resp3.rb:50:in 'RedisClient::RESP3.load'220:08:31 worker.1   | /Users/leandrobenuv/.asdf/installs/ruby/3.4.4/lib/ruby/gems/3.4.0/gems/redis-client-0.22.2/lib/redis_client/ruby_connection.rb:98:in 'block in RedisClient::RubyConnection#read'220:08:31 worker.1   | /Users/leandrobenuv/.asdf/installs/ruby/3.4.4/lib/ruby/gems/3.4.0/gems/redis-client-0.22.2/lib/redis_client/ruby_connection/buffered_io.rb:114:in 'RedisClient::RubyConnection::BufferedIO#with_timeout'220:08:31 worker.1   | /Users/leandrobenuv/.asdf/installs/ruby/3.4.4/lib/ruby/gems/3.4.0/gems/redis-client-0.22.2/lib/redis_client/ruby_connection.rb:98:in 'RedisClient::RubyConnection#read'220:08:31 worker.1   | /Users/leandrobenuv/.asdf/installs/ruby/3.4.4/lib/ruby/gems/3.4.0/gems/redis-client-0.22.2/lib/redis_client/connection_mixin.rb:31:in 'RedisClient::ConnectionMixin#call'220:08:31 worker.1   | /Users/leandrobenuv/.asdf/installs/ruby/3.4.4/lib/ruby/gems/3.4.0/gems/redis-client-0.22.2/lib/redis_client.rb:340:in 'block (2 levels) in RedisClient#blocking_call'220:08:31 worker.1   | /Users/leandrobenuv/.asdf/installs/ruby/3.4.4/lib/ruby/gems/3.4.0/gems/redis-client-0.22.2/lib/redis_client/middlewares.rb:16:in 'RedisClient::BasicMiddleware#call'220:08:31 worker.1   | /Users/leandrobenuv/.asdf/installs/ruby/3.4.4/lib/ruby/gems/3.4.0/gems/redis-client-0.22.2/lib/redis_client.rb:339:in 'block in RedisClient#blocking_call'220:08:31 worker.1   | /Users/leandrobenuv/.asdf/installs/ruby/3.4.4/lib/ruby/gems/3.4.0/gems/redis-client-0.22.2/lib/redis_client.rb:699:in 'RedisClient#ensure_connected'220:08:31 worker.1   | /Users/leandrobenuv/.asdf/installs/ruby/3.4.4/lib/ruby/gems/3.4.0/gems/redis-client-0.22.2/lib/redis_client.rb:338:in 'RedisClient#blocking_call'220:08:31 worker.1   | /Users/leandrobenuv/.asdf/installs/ruby/3.4.4/lib/ruby/gems/3.4.0/gems/redis-client-0.22.2/lib/redis_client/decorator.rb:26:in 'RedisClient::Decorator::CommandsMixin#blocking_call'220:08:31 worker.1   | /Users/leandrobenuv/.asdf/installs/ruby/3.4.4/lib/ruby/gems/3.4.0/gems/sidekiq-7.3.1/lib/sidekiq/fetch.rb:47:in 'block in Sidekiq::BasicFetch#retrieve_work'220:08:31 worker.1   | /Users/leandrobenuv/.asdf/installs/ruby/3.4.4/lib/ruby/gems/3.4.0/gems/sidekiq-7.3.1/lib/sidekiq/capsule.rb:107:in 'block in Sidekiq::Capsule#redis'220:08:31 worker.1   | /Users/leandrobenuv/.asdf/installs/ruby/3.4.4/lib/ruby/gems/3.4.0/gems/connection_pool-2.5.5/lib/connection_pool.rb:114:in 'block (2 levels) in ConnectionPool#with'220:08:31 worker.1   | /Users/leandrobenuv/.asdf/installs/ruby/3.4.4/lib/ruby/gems/3.4.0/gems/connection_pool-2.5.5/lib/connection_pool.rb:113:in 'Thread.handle_interrupt'220:08:31 worker.1   | /Users/leandrobenuv/.asdf/installs/ruby/3.4.4/lib/ruby/gems/3.4.0/gems/connection_pool-2.5.5/lib/connection_pool.rb:113:in 'block in ConnectionPool#with'220:08:31 worker.1   | /Users/leandrobenuv/.asdf/installs/ruby/3.4.4/lib/ruby/gems/3.4.0/gems/connection_pool-2.5.5/lib/connection_pool.rb:110:in 'Thread.handle_interrupt'220:08:31 worker.1   | /Users/leandrobenuv/.asdf/installs/ruby/3.4.4/lib/ruby/gems/3.4.0/gems/connection_pool-2.5.5/lib/connection_pool.rb:110:in 'ConnectionPool#with'220:08:31 worker.1   | /Users/leandrobenuv/.asdf/installs/ruby/3.4.4/lib/ruby/gems/3.4.0/gems/sidekiq-7.3.1/lib/sidekiq/capsule.rb:104:in 'Sidekiq::Capsule#redis'220:08:31 worker.1   | /Users/leandrobenuv/.asdf/installs/ruby/3.4.4/lib/ruby/gems/3.4.0/gems/sidekiq-7.3.1/lib/sidekiq/component.rb:28:in 'Sidekiq::Component#redis'220:08:31 worker.1   | /Users/leandrobenuv/.asdf/installs/ruby/3.4.4/lib/ruby/gems/3.4.0/gems/sidekiq-7.3.1/lib/sidekiq/fetch.rb:47:in 'Sidekiq::BasicFetch#retrieve_work'220:08:31 worker.1   | /Users/leandrobenuv/.asdf/installs/ruby/3.4.4/lib/ruby/gems/3.4.0/gems/sidekiq-7.3.1/lib/sidekiq/processor.rb:91:in 'Sidekiq::Processor#get_one'220:08:31 worker.1   | /Users/leandrobenuv/.asdf/installs/ruby/3.4.4/lib/ruby/gems/3.4.0/gems/sidekiq-7.3.1/lib/sidekiq/processor.rb:103:in 'Sidekiq::Processor#fetch'220:08:31 worker.1   | /Users/leandrobenuv/.asdf/installs/ruby/3.4.4/lib/ruby/gems/3.4.0/gems/sidekiq-7.3.1/lib/sidekiq/processor.rb:85:in 'Sidekiq::Processor#process_one'220:08:31 worker.1   | /Users/leandrobenuv/.asdf/installs/ruby/3.4.4/lib/ruby/gems/3.4.0/gems/sidekiq-7.3.1/lib/sidekiq/processor.rb:76:in 'Sidekiq::Processor#run'220:08:31 worker.1   | /Users/leandrobenuv/.asdf/installs/ruby/3.4.4/lib/ruby/gems/3.4.0/gems/sidekiq-7.3.1/lib/sidekiq/component.rb:10:in 'Sidekiq::Component#watchdog'220:08:31 worker.1   | /Users/leandrobenuv/.asdf/installs/ruby/3.4.4/lib/ruby/gems/3.4.0/gems/sidekiq-7.3.1/lib/sidekiq/component.rb:19:in 'block in Sidekiq::Component#safe_thread'220:08:31 worker.1   | 2026-03-06T22:54:35.912Z pid=84239 tid=1spb WARN: Thread TID-2ih3 sidekiq.default/processor220:08:31 worker.1   | 2026-03-06T22:54:35.913Z pid=84239 tid=1spb WARN: /Users/leandrobenuv/.asdf/installs/ruby/3.4.4/lib/ruby/gems/3.4.0/gems/redis-client-0.22.2/lib/redis_client/ruby_connection/buffered_io.rb:213:in 'IO#wait_readable'220:08:31 worker.1   | /Users/leandrobenuv/.asdf/installs/ruby/3.4.4/lib/ruby/gems/3.4.0/gems/redis-client-0.22.2/lib/redis_client/ruby_connection/buffered_io.rb:213:in 'block in RedisClient::RubyConnection::BufferedIO#fill_buffer'220:08:31 worker.1   | <internal:kernel>:168:in 'Kernel#loop'220:08:31 worker.1   | /Users/leandrobenuv/.asdf/installs/ruby/3.4.4/lib/ruby/gems/3.4.0/gems/redis-client-0.22.2/lib/redis_client/ruby_connection/buffered_io.rb:197:in 'RedisClient::RubyConnection::BufferedIO#fill_buffer'220:08:31 worker.1   | /Users/leandrobenuv/.asdf/installs/ruby/3.4.4/lib/ruby/gems/3.4.0/gems/redis-client-0.22.2/lib/redis_client/ruby_connection/buffered_io.rb:187:in 'RedisClient::RubyConnection::BufferedIO#ensure_remaining'220:08:31 worker.1   | /Users/leandrobenuv/.asdf/installs/ruby/3.4.4/lib/ruby/gems/3.4.0/gems/redis-client-0.22.2/lib/redis_client/ruby_connection/buffered_io.rb:152:in 'RedisClient::RubyConnection::BufferedIO#getbyte'220:08:31 worker.1   | /Users/leandrobenuv/.asdf/installs/ruby/3.4.4/lib/ruby/gems/3.4.0/gems/redis-client-0.22.2/lib/redis_client/ruby_connection/resp3.rb:113:in 'RedisClient::RESP3.parse'220:08:31 worker.1   | /Users/leandrobenuv/.asdf/installs/ruby/3.4.4/lib/ruby/gems/3.4.0/gems/redis-client-0.22.2/lib/redis_client/ruby_connection/resp3.rb:50:in 'RedisClient::RESP3.load'220:08:31 worker.1   | /Users/leandrobenuv/.asdf/installs/ruby/3.4.4/lib/ruby/gems/3.4.0/gems/redis-client-0.22.2/lib/redis_client/ruby_connection.rb:98:in 'block in RedisClient::RubyConnection#read'220:08:31 worker.1   | /Users/leandrobenuv/.asdf/installs/ruby/3.4.4/lib/ruby/gems/3.4.0/gems/redis-client-0.22.2/lib/redis_client/ruby_connection/buffered_io.rb:114:in 'RedisClient::RubyConnection::BufferedIO#with_timeout'220:08:31 worker.1   | /Users/leandrobenuv/.asdf/installs/ruby/3.4.4/lib/ruby/gems/3.4.0/gems/redis-client-0.22.2/lib/redis_client/ruby_connection.rb:98:in 'RedisClient::RubyConnection#read'220:08:31 worker.1   | /Users/leandrobenuv/.asdf/installs/ruby/3.4.4/lib/ruby/gems/3.4.0/gems/redis-client-0.22.2/lib/redis_client/connection_mixin.rb:31:in 'RedisClient::ConnectionMixin#call'220:08:31 worker.1   | /Users/leandrobenuv/.asdf/installs/ruby/3.4.4/lib/ruby/gems/3.4.0/gems/redis-client-0.22.2/lib/redis_client.rb:340:in 'block (2 levels) in RedisClient#blocking_call'220:08:31 worker.1   | /Users/leandrobenuv/.asdf/installs/ruby/3.4.4/lib/ruby/gems/3.4.0/gems/redis-client-0.22.2/lib/redis_client/middlewares.rb:16:in 'RedisClient::BasicMiddleware#call'220:08:31 worker.1   | /Users/leandrobenuv/.asdf/installs/ruby/3.4.4/lib/ruby/gems/3.4.0/gems/redis-client-0.22.2/lib/redis_client.rb:339:in 'block in RedisClient#blocking_call'20:08:31 worker.1   | /Users/leandrobenuv/.asdf/installs/ruby/3.4.4/lib/ruby/gems/3.4.0/gems/redis-client-0.22.2/lib/redis_client.rb:699:in 'RedisClient#ensure_connected'
220:08:31 worker.1   | /Users/leandrobenuv/.asdf/installs/ruby/3.4.4/lib/ruby/gems/3.4.0/gems/redis-client-0.22.2/lib/redis_client.rb:338:in 'RedisClient#blocking_call'220:08:31 worker.1   | /Users/leandrobenuv/.asdf/installs/ruby/3.4.4/lib/ruby/gems/3.4.0/gems/redis-client-0.22.2/lib/redis_client/decorator.rb:26:in 'RedisClient::Decorator::CommandsMixin#blocking_call'220:08:31 worker.1   | /Users/leandrobenuv/.asdf/installs/ruby/3.4.4/lib/ruby/gems/3.4.0/gems/sidekiq-7.3.1/lib/sidekiq/fetch.rb:47:in 'block in Sidekiq::BasicFetch#retrieve_work'220:08:31 worker.1   | /Users/leandrobenuv/.asdf/installs/ruby/3.4.4/lib/ruby/gems/3.4.0/gems/sidekiq-7.3.1/lib/sidekiq/capsule.rb:107:in 'block in Sidekiq::Capsule#redis'220:08:31 worker.1   | /Users/leandrobenuv/.asdf/installs/ruby/3.4.4/lib/ruby/gems/3.4.0/gems/connection_pool-2.5.5/lib/connection_pool.rb:114:in 'block (2 levels) in ConnectionPool#with'220:08:31 worker.1   | /Users/leandrobenuv/.asdf/installs/ruby/3.4.4/lib/ruby/gems/3.4.0/gems/connection_pool-2.5.5/lib/connection_pool.rb:113:in 'Thread.handle_interrupt'220:08:31 worker.1   | /Users/leandrobenuv/.asdf/installs/ruby/3.4.4/lib/ruby/gems/3.4.0/gems/connection_pool-2.5.5/lib/connection_pool.rb:113:in 'block in ConnectionPool#with'220:08:31 worker.1   | /Users/leandrobenuv/.asdf/installs/ruby/3.4.4/lib/ruby/gems/3.4.0/gems/connection_pool-2.5.5/lib/connection_pool.rb:110:in 'Thread.handle_interrupt'220:08:31 worker.1   | /Users/leandrobenuv/.asdf/installs/ruby/3.4.4/lib/ruby/gems/3.4.0/gems/connection_pool-2.5.5/lib/connection_pool.rb:110:in 'ConnectionPool#with'220:08:31 worker.1   | /Users/leandrobenuv/.asdf/installs/ruby/3.4.4/lib/ruby/gems/3.4.0/gems/sidekiq-7.3.1/lib/sidekiq/capsule.rb:104:in 'Sidekiq::Capsule#redis'220:08:31 worker.1   | /Users/leandrobenuv/.asdf/installs/ruby/3.4.4/lib/ruby/gems/3.4.0/gems/sidekiq-7.3.1/lib/sidekiq/component.rb:28:in 'Sidekiq::Component#redis'220:08:31 worker.1   | /Users/leandrobenuv/.asdf/installs/ruby/3.4.4/lib/ruby/gems/3.4.0/gems/sidekiq-7.3.1/lib/sidekiq/fetch.rb:47:in 'Sidekiq::BasicFetch#retrieve_work'220:08:31 worker.1   | /Users/leandrobenuv/.asdf/installs/ruby/3.4.4/lib/ruby/gems/3.4.0/gems/sidekiq-7.3.1/lib/sidekiq/processor.rb:91:in 'Sidekiq::Processor#get_one'220:08:31 worker.1   | /Users/leandrobenuv/.asdf/installs/ruby/3.4.4/lib/ruby/gems/3.4.0/gems/sidekiq-7.3.1/lib/sidekiq/processor.rb:103:in 'Sidekiq::Processor#fetch'220:08:31 worker.1   | /Users/leandrobenuv/.asdf/installs/ruby/3.4.4/lib/ruby/gems/3.4.0/gems/sidekiq-7.3.1/lib/sidekiq/processor.rb:85:in 'Sidekiq::Processor#process_one'220:08:31 worker.1   | /Users/leandrobenuv/.asdf/installs/ruby/3.4.4/lib/ruby/gems/3.4.0/gems/sidekiq-7.3.1/lib/sidekiq/processor.rb:76:in 'Sidekiq::Processor#run'220:08:31 worker.1   | /Users/leandrobenuv/.asdf/installs/ruby/3.4.4/lib/ruby/gems/3.4.0/gems/sidekiq-7.3.1/lib/sidekiq/component.rb:10:in 'Sidekiq::Component#watchdog'220:08:31 worker.1   | /Users/leandrobenuv/.asdf/installs/ruby/3.4.4/lib/ruby/gems/3.4.0/gems/sidekiq-7.3.1/lib/sidekiq/component.rb:19:in 'block in Sidekiq::Component#safe_thread'220:08:31 worker.1   | 2026-03-06T22:54:35.913Z pid=84239 tid=1spb WARN: Thread TID-2ihr sidekiq.default/processor220:08:31 worker.1   | 2026-03-06T22:54:35.913Z pid=84239 tid=1spb WARN: /Users/leandrobenuv/.asdf/installs/ruby/3.4.4/lib/ruby/gems/3.4.0/gems/redis-client-0.22.2/lib/redis_client/ruby_connection/buffered_io.rb:213:in 'IO#wait_readable'220:08:31 worker.1   | /Users/leandrobenuv/.asdf/installs/ruby/3.4.4/lib/ruby/gems/3.4.0/gems/redis-client-0.22.2/lib/redis_client/ruby_connection/buffered_io.rb:213:in 'block in RedisClient::RubyConnection::BufferedIO#fill_buffer'220:08:31 worker.1   | <internal:kernel>:168:in 'Kernel#loop'220:08:31 worker.1   | /Users/leandrobenuv/.asdf/installs/ruby/3.4.4/lib/ruby/gems/3.4.0/gems/redis-client-0.22.2/lib/redis_client/ruby_connection/buffered_io.rb:197:in 'RedisClient::RubyConnection::BufferedIO#fill_buffer'220:08:31 worker.1   | /Users/leandrobenuv/.asdf/installs/ruby/3.4.4/lib/ruby/gems/3.4.0/gems/redis-client-0.22.2/lib/redis_client/ruby_connection/buffered_io.rb:187:in 'RedisClient::RubyConnection::BufferedIO#ensure_remaining'220:08:31 worker.1   | /Users/leandrobenuv/.asdf/installs/ruby/3.4.4/lib/ruby/gems/3.4.0/gems/redis-client-0.22.2/lib/redis_client/ruby_connection/buffered_io.rb:152:in 'RedisClient::RubyConnection::BufferedIO#getbyte'220:08:31 worker.1   | /Users/leandrobenuv/.asdf/installs/ruby/3.4.4/lib/ruby/gems/3.4.0/gems/redis-client-0.22.2/lib/redis_client/ruby_connection/resp3.rb:113:in 'RedisClient::RESP3.parse'220:08:31 worker.1   | /Users/leandrobenuv/.asdf/installs/ruby/3.4.4/lib/ruby/gems/3.4.0/gems/redis-client-0.22.2/lib/redis_client/ruby_connection/resp3.rb:50:in 'RedisClient::RESP3.load'220:08:31 worker.1   | /Users/leandrobenuv/.asdf/installs/ruby/3.4.4/lib/ruby/gems/3.4.0/gems/redis-client-0.22.2/lib/redis_client/ruby_connection.rb:98:in 'block in RedisClient::RubyConnection#read'220:08:31 worker.1   | /Users/leandrobenuv/.asdf/installs/ruby/3.4.4/lib/ruby/gems/3.4.0/gems/redis-client-0.22.2/lib/redis_client/ruby_connection/buffered_io.rb:114:in 'RedisClient::RubyConnection::BufferedIO#with_timeout'220:08:31 worker.1   | /Users/leandrobenuv/.asdf/installs/ruby/3.4.4/lib/ruby/gems/3.4.0/gems/redis-client-0.22.2/lib/redis_client/ruby_connection.rb:98:in 'RedisClient::RubyConnection#read'220:08:31 worker.1   | /Users/leandrobenuv/.asdf/installs/ruby/3.4.4/lib/ruby/gems/3.4.0/gems/redis-client-0.22.2/lib/redis_client/connection_mixin.rb:31:in 'RedisClient::ConnectionMixin#call'220:08:31 worker.1   | /Users/leandrobenuv/.asdf/installs/ruby/3.4.4/lib/ruby/gems/3.4.0/gems/redis-client-0.22.2/lib/redis_client.rb:340:in 'block (2 levels) in RedisClient#blocking_call'220:08:31 worker.1   | /Users/leandrobenuv/.asdf/installs/ruby/3.4.4/lib/ruby/gems/3.4.0/gems/redis-client-0.22.2/lib/redis_client/middlewares.rb:16:in 'RedisClient::BasicMiddleware#call'220:08:31 worker.1   | /Users/leandrobenuv/.asdf/installs/ruby/3.4.4/lib/ruby/gems/3.4.0/gems/redis-client-0.22.2/lib/redis_client.rb:339:in 'block in RedisClient#blocking_call'220:08:31 worker.1   | /Users/leandrobenuv/.asdf/installs/ruby/3.4.4/lib/ruby/gems/3.4.0/gems/redis-client-0.22.2/lib/redis_client.rb:699:in 'RedisClient#ensure_connected'220:08:31 worker.1   | /Users/leandrobenuv/.asdf/installs/ruby/3.4.4/lib/ruby/gems/3.4.0/gems/redis-client-0.22.2/lib/redis_client.rb:338:in 'RedisClient#blocking_call'220:08:31 worker.1   | /Users/leandrobenuv/.asdf/installs/ruby/3.4.4/lib/ruby/gems/3.4.0/gems/redis-client-0.22.2/lib/redis_client/decorator.rb:26:in 'RedisClient::Decorator::CommandsMixin#blocking_call'220:08:31 worker.1   | /Users/leandrobenuv/.asdf/installs/ruby/3.4.4/lib/ruby/gems/3.4.0/gems/sidekiq-7.3.1/lib/sidekiq/fetch.rb:47:in 'block in Sidekiq::BasicFetch#retrieve_work'220:08:31 worker.1   | /Users/leandrobenuv/.asdf/installs/ruby/3.4.4/lib/ruby/gems/3.4.0/gems/sidekiq-7.3.1/lib/sidekiq/capsule.rb:107:in 'block in Sidekiq::Capsule#redis'220:08:31 worker.1   | /Users/leandrobenuv/.asdf/installs/ruby/3.4.4/lib/ruby/gems/3.4.0/gems/connection_pool-2.5.5/lib/connection_pool.rb:114:in 'block (2 levels) in ConnectionPool#with'220:08:31 worker.1   | /Users/leandrobenuv/.asdf/installs/ruby/3.4.4/lib/ruby/gems/3.4.0/gems/connection_pool-2.5.5/lib/connection_pool.rb:113:in 'Thread.handle_interrupt'220:08:31 worker.1   | /Users/leandrobenuv/.asdf/installs/ruby/3.4.4/lib/ruby/gems/3.4.0/gems/connection_pool-2.5.5/lib/connection_pool.rb:113:in 'block in ConnectionPool#with'220:08:31 worker.1   | /Users/leandrobenuv/.asdf/installs/ruby/3.4.4/lib/ruby/gems/3.4.0/gems/connection_pool-2.5.5/lib/connection_pool.rb:110:in 'Thread.handle_interrupt'220:08:31 worker.1   | /Users/leandrobenuv/.asdf/installs/ruby/3.4.4/lib/ruby/gems/3.4.0/gems/connection_pool-2.5.5/lib/connection_pool.rb:110:in 'ConnectionPool#with'220:08:31 worker.1   | /Users/leandrobenuv/.asdf/installs/ruby/3.4.4/lib/ruby/gems/3.4.0/gems/sidekiq-7.3.1/lib/sidekiq/capsule.rb:104:in 'Sidekiq::Capsule#redis'220:08:31 worker.1   | /Users/leandrobenuv/.asdf/installs/ruby/3.4.4/lib/ruby/gems/3.4.0/gems/sidekiq-7.3.1/lib/sidekiq/component.rb:28:in 'Sidekiq::Component#redis'220:08:31 worker.1   | /Users/leandrobenuv/.asdf/installs/ruby/3.4.4/lib/ruby/gems/3.4.0/gems/sidekiq-7.3.1/lib/sidekiq/fetch.rb:47:in 'Sidekiq::BasicFetch#retrieve_work'220:08:31 worker.1   | /Users/leandrobenuv/.asdf/installs/ruby/3.4.4/lib/ruby/gems/3.4.0/gems/sidekiq-7.3.1/lib/sidekiq/processor.rb:91:in 'Sidekiq::Processor#get_one'220:08:31 worker.1   | /Users/leandrobenuv/.asdf/installs/ruby/3.4.4/lib/ruby/gems/3.4.0/gems/sidekiq-7.3.1/lib/sidekiq/processor.rb:103:in 'Sidekiq::Processor#fetch'220:08:31 worker.1   | /Users/leandrobenuv/.asdf/installs/ruby/3.4.4/lib/ruby/gems/3.4.0/gems/sidekiq-7.3.1/lib/sidekiq/processor.rb:85:in 'Sidekiq::Processor#process_one'220:08:31 worker.1   | /Users/leandrobenuv/.asdf/installs/ruby/3.4.4/lib/ruby/gems/3.4.0/gems/sidekiq-7.3.1/lib/sidekiq/processor.rb:76:in 'Sidekiq::Processor#run'220:08:31 worker.1   | /Users/leandrobenuv/.asdf/installs/ruby/3.4.4/lib/ruby/gems/3.4.0/gems/sidekiq-7.3.1/lib/sidekiq/component.rb:10:in 'Sidekiq::Component#watchdog'220:08:31 worker.1   | /Users/leandrobenuv/.asdf/installs/ruby/3.4.4/lib/ruby/gems/3.4.0/gems/sidekiq-7.3.1/lib/sidekiq/component.rb:19:in 'block in Sidekiq::Component#safe_thread'220:08:31 worker.1   | 2026-03-06T22:54:35.913Z pid=84239 tid=1spb WARN: Thread TID-2ihj sidekiq.default/processor220:08:31 worker.1   | 2026-03-06T22:54:35.913Z pid=84239 tid=1spb WARN: /Users/leandrobenuv/.asdf/installs/ruby/3.4.4/lib/ruby/gems/3.4.0/gems/redis-client-0.22.2/lib/redis_client/ruby_connection/buffered_io.rb:213:in 'IO#wait_readable'220:08:31 worker.1   | /Users/leandrobenuv/.asdf/installs/ruby/3.4.4/lib/ruby/gems/3.4.0/gems/redis-client-0.22.2/lib/redis_client/ruby_connection/buffered_io.rb:213:in 'block in RedisClient::RubyConnection::BufferedIO#fill_buffer'220:08:31 worker.1   | <internal:kernel>:168:in 'Kernel#loop'220:08:31 worker.1   | /Users/leandrobenuv/.asdf/installs/ruby/3.4.4/lib/ruby/gems/3.4.0/gems/redis-client-0.22.2/lib/redis_client/ruby_connection/buffered_io.rb:197:in 'RedisClient::RubyConnection::BufferedIO#fill_buffer'220:08:31 worker.1   | /Users/leandrobenuv/.asdf/installs/ruby/3.4.4/lib/ruby/gems/3.4.0/gems/redis-client-0.22.2/lib/redis_client/ruby_connection/buffered_io.rb:187:in 'RedisClient::RubyConnection::BufferedIO#ensure_remaining'220:08:31 worker.1   | /Users/leandrobenuv/.asdf/installs/ruby/3.4.4/lib/ruby/gems/3.4.0/gems/redis-client-0.22.2/lib/redis_client/ruby_connection/buffered_io.rb:152:in 'RedisClient::RubyConnection::BufferedIO#getbyte'220:08:31 worker.1   | /Users/leandrobenuv/.asdf/installs/ruby/3.4.4/lib/ruby/gems/3.4.0/gems/redis-client-0.22.2/lib/redis_client/ruby_connection/resp3.rb:113:in 'R
20:08:31 worker.1   | terminated by SIGKILL
20:08:31 backend.1  | terminated by SIGKILL
fef0a09659c91 INFO: start
20:08:31 worker.1   | 2026-03-06T22:50:19.493Z pid=82204 tid=2gx8 INFO: Enqueued TriggerScheduledItemsJob (Job ID: 48637dab-29d5-46b6-9557-6ff20231f4ec) to Sidekiq(scheduled_jobs)
20:08:31 worker.1   | 2026-03-06T22:54:04.180Z pid=82204 tid=2gxo class=SidekiqAlive::Worker jid=9aee00de9a86d2204e28a84b INFO: start
20:08:31 worker.1   | 2026-03-06T22:54:18.119Z pid=82204 tid=2gxg class=SidekiqAlive::Worker jid=9265588e5dc63cfa54feb2c6 INFO: start
20:08:31 worker.1   | 2026-03-06T23:08:31.431Z pid=82204 tid=1uak INFO: Shutting down SidekiqAlive web server
20:08:31 worker.1   | terminated by SIGHUP
20:08:31 backend.1  | terminated by SIGKILL
